BL51 BANKED LINKER/LOCATER V6.22.4.0                                                    11/30/2023  16:46:32  PAGE 1


BL51 BANKED LINKER/LOCATER V6.22.4.0, INVOKED BY:
D:\KEIL_V5\C51\BIN\BL51.EXE ..\obj\gui.obj, ..\obj\main.obj, ..\obj\test.obj, ..\obj\sys.obj, ..\obj\LCD.obj, ..\obj\ctp
>> iic.obj, ..\obj\ft6336.obj, ..\obj\touch.obj, ..\obj\SPI.obj TO ..\obj\ceshi PRINT (.\ceshi.m51) RAMSIZE (256) DISABL
>> EWARNING (16)


MEMORY MODEL: LARGE


INPUT MODULES INCLUDED:
  ..\obj\gui.obj (GUI)
  ..\obj\main.obj (MAIN)
  ..\obj\test.obj (TEST)
  ..\obj\sys.obj (SYS)
  ..\obj\LCD.obj (LCD)
  ..\obj\ctpiic.obj (CTPIIC)
  ..\obj\ft6336.obj (FT6336)
  ..\obj\touch.obj (TOUCH)
  ..\obj\SPI.obj (SPI)
  D:\KEIL_V5\C51\LIB\C51L.LIB (?C_STARTUP)
  D:\KEIL_V5\C51\LIB\C51L.LIB (?C?COPY)
  D:\KEIL_V5\C51\LIB\C51L.LIB (?C?CLDPTR)
  D:\KEIL_V5\C51\LIB\C51L.LIB (?C?CLDOPTR)
  D:\KEIL_V5\C51\LIB\C51L.LIB (?C?CSTOPTR)
  D:\KEIL_V5\C51\LIB\C51L.LIB (?C?IMUL)
  D:\KEIL_V5\C51\LIB\C51L.LIB (?C?SIDIV)
  D:\KEIL_V5\C51\LIB\C51L.LIB (?C?IILDX)
  D:\KEIL_V5\C51\LIB\C51L.LIB (?C?ILDPTR)
  D:\KEIL_V5\C51\LIB\C51L.LIB (?C?ISTPTR)
  D:\KEIL_V5\C51\LIB\C51L.LIB (?C?LMUL)
  D:\KEIL_V5\C51\LIB\C51L.LIB (?C?ULDIV)
  D:\KEIL_V5\C51\LIB\C51L.LIB (?C?SLDIV)
  D:\KEIL_V5\C51\LIB\C51L.LIB (?C?LSTXDATA)
  D:\KEIL_V5\C51\LIB\C51L.LIB (?C?LSTKXDATA)
  D:\KEIL_V5\C51\LIB\C51L.LIB (?C?OFFXADD)
  D:\KEIL_V5\C51\LIB\C51L.LIB (?C?ICALL)
  D:\KEIL_V5\C51\LIB\C51L.LIB (PRINTF)
  D:\KEIL_V5\C51\LIB\C51L.LIB (RAND)
  D:\KEIL_V5\C51\LIB\C51L.LIB (?C?STRCPY)
  D:\KEIL_V5\C51\LIB\C51L.LIB (STRLEN)
  D:\KEIL_V5\C51\LIB\C51L.LIB (?C_INIT)
  D:\KEIL_V5\C51\LIB\C51L.LIB (?C?CSTPTR)
  D:\KEIL_V5\C51\LIB\C51L.LIB (?C?UIDIV)
  D:\KEIL_V5\C51\LIB\C51L.LIB (?C?LLDXDATA)
  D:\KEIL_V5\C51\LIB\C51L.LIB (?C?PLDIXDATA)
  D:\KEIL_V5\C51\LIB\C51L.LIB (?C?PSTXDATA)
  D:\KEIL_V5\C51\LIB\C51L.LIB (?C?CCASE)
  D:\KEIL_V5\C51\LIB\C51L.LIB (PUTCHAR)


LINK MAP OF MODULE:  ..\obj\ceshi (GUI)


            TYPE    BASE      LENGTH    RELOCATION   SEGMENT NAME
            -----------------------------------------------------

            * * * * * * *   D A T A   M E M O R Y   * * * * * * *
            REG     0000H     0008H     ABSOLUTE     "REG BANK 0"
BL51 BANKED LINKER/LOCATER V6.22.4.0                                                  11/30/2023  16:46:32  PAGE 2


            DATA    0008H     0005H     UNIT         ?DT?PRINTF?PRINTF
                    000DH     0013H                  *** GAP ***
            BIT     0020H.0   0001H.1   UNIT         ?BI?PRINTF?PRINTF
                    0021H.1   0000H.7                *** GAP ***
            IDATA   0022H     0001H     UNIT         ?STACK

            * * * * * * *  X D A T A   M E M O R Y  * * * * * * *
            XDATA   0000H     004AH     UNIT         _XDATA_GROUP_
            XDATA   004AH     0030H     UNIT         ?XD?TEST_READ?TEST
            XDATA   007AH     0028H     UNIT         ?XD?PRINTF?PRINTF
            XDATA   00A2H     001CH     UNIT         ?XD?TEST
            XDATA   00BEH     0013H     UNIT         ?XD?LCD
            XDATA   00D1H     000FH     UNIT         ?XD?TOUCH
            XDATA   00E0H     0008H     UNIT         ?XD?_FT6336_WR_REG?FT6336
            XDATA   00E8H     0005H     UNIT         ?XD?FT6336
            XDATA   00EDH     0004H     UNIT         ?XD?LCD_READ_ID?LCD
            XDATA   00F1H     0004H     UNIT         ?XD?RAND?RAND
            XDATA   00F5H     0002H     UNIT         ?XD?LCD_READDATA_16BIT?LCD

            * * * * * * *   C O D E   M E M O R Y   * * * * * * *
            CODE    0000H     0003H     ABSOLUTE     
            CODE    0003H     188AH     UNIT         ?CO?GUI
            CODE    188DH     1054H     UNIT         ?CO?TEST
            CODE    28E1H     06F0H     UNIT         ?PR?TOUCH_BUTTON_TEST?TEST
            CODE    2FD1H     0514H     UNIT         ?C?LIB_CODE
            CODE    34E5H     04FAH     UNIT         ?PR?_FILL_TRIANGEL?GUI
            CODE    39DFH     0365H     UNIT         ?PR?PRINTF?PRINTF
            CODE    3D44H     02ABH     UNIT         ?PR?_FILL_CIRCLE_HELPER?GUI
            CODE    3FEFH     0296H     UNIT         ?PR?_SHOW_STR?GUI
            CODE    4285H     027CH     UNIT         ?PR?TEST_TRIANGLE?TEST
            CODE    4501H     0266H     UNIT         ?PR?TEST_DYNAMIC_NUM?TEST
            CODE    4767H     0255H     UNIT         ?PR?FT6336_SCAN?FT6336
            CODE    49BCH     0246H     UNIT         ?PR?_DRAW_CIRCLE_HELPER?GUI
            CODE    4C02H     0243H     UNIT         ?PR?_GUI_DRAWFONT16?GUI
            CODE    4E45H     0243H     UNIT         ?PR?_GUI_DRAWFONT24?GUI
            CODE    5088H     0243H     UNIT         ?PR?_GUI_DRAWFONT32?GUI
            CODE    52CBH     0218H     UNIT         ?PR?_LCD_SHOWCHAR?GUI
            CODE    54E3H     020AH     UNIT         ?PR?_LCD_DRAWLINE2?GUI
            CODE    56EDH     01FEH     UNIT         ?PR?TEST_COLOR?TEST
            CODE    58EBH     01F6H     UNIT         ?PR?_GUI_CIRCLE?GUI
            CODE    5AE1H     01F0H     UNIT         ?PR?_LCD_DRAWLINE?GUI
            CODE    5CD1H     01F0H     UNIT         ?PR?_LCD_DRAWROUNDRECTANGLE?GUI
            CODE    5EC1H     01E0H     UNIT         ?PR?TEST_FILLREC?TEST
            CODE    60A1H     0196H     UNIT         ?PR?LCD_INIT?LCD
            CODE    6237H     018FH     UNIT         ?PR?TEST_READ?TEST
            CODE    63C6H     0182H     UNIT         ?PR?TOUCH_PEN_TEST?TEST
            CODE    6548H     0157H     UNIT         ?PR?TEST_CIRCLE?TEST
            CODE    669FH     0151H     UNIT         ?PR?_LCD_FILLROUNDRECTANGLE?GUI
            CODE    67F0H     013DH     UNIT         ?PR?__DRAW_CIRCLE_8?GUI
            CODE    692DH     012DH     UNIT         ?PR?_LCD_FILL?GUI
            CODE    6A5AH     0111H     UNIT         ?PR?_LCD_SHOWNUM?GUI
            CODE    6B6BH     00D3H     UNIT         ?PR?_GUI_DRAWBMP16?GUI
            CODE    6C3EH     00CFH     UNIT         ?PR?_DRAWTESTPAGE?TEST
            CODE    6D0DH     00CDH     UNIT         ?PR?ENGLISH_FONT_TEST?TEST
            CODE    6DDAH     00C8H     UNIT         ?PR?PIC_TEST?TEST
            CODE    6EA2H     00BFH     UNIT         ?PR?_LCD_SHOWSTRING?GUI
            CODE    6F61H     00BFH     UNIT         ?PR?MAIN_TEST?TEST
BL51 BANKED LINKER/LOCATER V6.22.4.0                                                  11/30/2023  16:46:32  PAGE 3


            CODE    7020H     00BAH     UNIT         ?PR?CHINESE_FONT_TEST?TEST
            CODE    70DAH     00B5H     UNIT         ?PR?LCD_READ_ID?LCD
            CODE    718FH     00A5H     UNIT         ?PR?_LCD_DRAWRECTANGLE?GUI
            CODE    7234H     00A2H     UNIT         ?PR?_LCD_CLEAR?LCD
            CODE    72D6H     00A0H     UNIT         ?PR?ROTATE_TEST?TEST
            CODE    7376H     0092H     UNIT         ?PR?_GUI_STRCENTER?GUI
            CODE    7408H     0090H     UNIT         ?PR?_LCD_DIRECTION?LCD
            CODE    7498H     008CH     UNIT         ?C_C51STARTUP
            CODE    7524H     0087H     UNIT         ?PR?FT6336_INIT?FT6336
            CODE    75ABH     0075H     UNIT         ?PR?_FT6336_RD_REG?FT6336
            CODE    7620H     0071H     UNIT         ?PR?_DRAW_TRIANGEL?GUI
            CODE    7691H     0070H     UNIT         ?PR?_FT6336_WR_REG?FT6336
            CODE    7701H     0067H     UNIT         ?PR?_LCD_SETWINDOWS?LCD
            CODE    7768H     0057H     UNIT         ?PR?__SWAP?GUI
            CODE    77BFH     004DH     UNIT         ?C_INITSEG
            CODE    780CH     004DH     UNIT         ?PR?RAND?RAND
            CODE    7859H     004BH     UNIT         ?PR?_CTP_IIC_READ_BYTE?CTPIIC
            CODE    78A4H     0049H     UNIT         ?PR?_MYPOW?GUI
            CODE    78EDH     0044H     UNIT         ?C?LDIV
            CODE    7931H     003DH     UNIT         ?PR?LCD_READDATA_16BIT?LCD
            CODE    796EH     003DH     UNIT         ?PR?_CTP_IIC_SEND_BYTE?CTPIIC
            CODE    79ABH     0033H     UNIT         ?PR?_GUI_DRAWPOINT?GUI
            CODE    79DEH     0033H     UNIT         ?PR?CTP_IIC_WAIT_ACK?CTPIIC
            CODE    7A11H     002AH     UNIT         ?PR?_LCD_DRAWPOINT?LCD
            CODE    7A3BH     0027H     UNIT         ?PR?PUTCHAR?PUTCHAR
            CODE    7A62H     0026H     UNIT         ?PR?MAIN?MAIN
            CODE    7A88H     0025H     UNIT         ?PR?_LCD_DRAWFILLRECTANGLE?GUI
            CODE    7AADH     0020H     UNIT         ?PR?_LCD_WR_DATA_16BIT?LCD
            CODE    7ACDH     001FH     UNIT         ?PR?_LCD_SETCURSOR?LCD
            CODE    7AECH     001AH     UNIT         ?PR?TP_INIT?TOUCH
            CODE    7B06H     0016H     UNIT         ?PR?TOUCH_TEST?TEST
            CODE    7B1CH     0015H     UNIT         ?PR?LCD_RESET?LCD
            CODE    7B31H     0015H     UNIT         ?PR?CTP_IIC_START?CTPIIC
            CODE    7B46H     0015H     UNIT         ?PR?CTP_IIC_STOP?CTPIIC
            CODE    7B5BH     0015H     UNIT         ?PR?CTP_IIC_ACK?CTPIIC
            CODE    7B70H     0015H     UNIT         ?PR?CTP_IIC_NACK?CTPIIC
            CODE    7B85H     0015H     UNIT         ?PR?_STRLEN?STRLEN
            CODE    7B9AH     0011H     UNIT         ?PR?_DELAY_MS?SYS
            CODE    7BABH     0011H     UNIT         ?PR?_DELAY_US?SYS
            CODE    7BBCH     0011H     UNIT         ?PR?CTP_IIC_INIT?CTPIIC
            CODE    7BCDH     0010H     UNIT         ?PR?_LCD_WRITEREG?LCD
            CODE    7BDDH     000FH     UNIT         ?PR?_SPI_SETSPEED?SPI
            CODE    7BECH     000EH     UNIT         ?PR?SPI_READBYTE?SPI
            CODE    7BFAH     000DH     UNIT         ?PR?_LCD_WR_DATA?LCD
            CODE    7C07H     000BH     UNIT         ?PR?_SPI_WRITEBYTE?SPI
            CODE    7C12H     000AH     UNIT         ?PR?_LCD_WR_REG?LCD
            CODE    7C1CH     000AH     UNIT         ?PR?LCD_RD_DATA?LCD
            CODE    7C26H     000AH     UNIT         ?PR?SPI_INIT?SPI
            CODE    7C30H     0009H     UNIT         ?PR?LCD_WRITERAM_PREPARE?LCD
            CODE    7C39H     0009H     UNIT         ?PR?LCD_READRAM_PREPARE?LCD
            CODE    7C42H     0009H     UNIT         ?PR?BL_GPIOINIT?LCD
            CODE    7C4BH     0006H     UNIT         ?PR?_LCD_READREG?LCD
            CODE    7C51H     0006H     UNIT         ?PR?_LCD_READPOINT?LCD
            CODE    7C57H     0005H     UNIT         ?PR?CTP_DELAY?CTPIIC
            CODE    7C5CH     0003H     UNIT         ?CO?LCD


BL51 BANKED LINKER/LOCATER V6.22.4.0                                                  11/30/2023  16:46:32  PAGE 4



OVERLAY MAP OF MODULE:   ..\obj\ceshi (GUI)


SEGMENT                                   XDATA_GROUP
  +--> CALLED SEGMENT                   START    LENGTH
-------------------------------------------------------
?C_C51STARTUP                           -----    -----
  +--> ?PR?MAIN?MAIN
  +--> ?C_INITSEG

?PR?MAIN?MAIN                           -----    -----
  +--> ?PR?LCD_INIT?LCD
  +--> ?PR?MAIN_TEST?TEST
  +--> ?PR?TEST_COLOR?TEST
  +--> ?PR?TEST_FILLREC?TEST
  +--> ?PR?TEST_CIRCLE?TEST
  +--> ?PR?TEST_TRIANGLE?TEST
  +--> ?PR?ENGLISH_FONT_TEST?TEST
  +--> ?PR?CHINESE_FONT_TEST?TEST
  +--> ?PR?PIC_TEST?TEST
  +--> ?PR?TEST_DYNAMIC_NUM?TEST
  +--> ?PR?ROTATE_TEST?TEST
  +--> ?PR?TOUCH_TEST?TEST

?PR?LCD_INIT?LCD                        -----    -----
  +--> ?PR?SPI_INIT?SPI
  +--> ?PR?BL_GPIOINIT?LCD
  +--> ?PR?LCD_RESET?LCD
  +--> ?PR?_LCD_WR_REG?LCD
  +--> ?PR?_LCD_WR_DATA?LCD
  +--> ?PR?_LCD_DIRECTION?LCD
  +--> ?PR?_LCD_CLEAR?LCD

?PR?LCD_RESET?LCD                       -----    -----
  +--> ?PR?_DELAY_MS?SYS

?PR?_LCD_WR_REG?LCD                     -----    -----
  +--> ?PR?_SPI_WRITEBYTE?SPI

?PR?_LCD_WR_DATA?LCD                    -----    -----
  +--> ?PR?_SPI_WRITEBYTE?SPI

?PR?_LCD_DIRECTION?LCD                  -----    -----
  +--> ?PR?_LCD_WRITEREG?LCD

?PR?_LCD_WRITEREG?LCD                   000DH    0001H
  +--> ?PR?_LCD_WR_REG?LCD
  +--> ?PR?_LCD_WR_DATA?LCD

?PR?_LCD_CLEAR?LCD                      0010H    0006H
  +--> ?PR?_LCD_SETWINDOWS?LCD
  +--> ?PR?_SPI_WRITEBYTE?SPI

?PR?_LCD_SETWINDOWS?LCD                 0042H    0008H
  +--> ?PR?_LCD_WR_REG?LCD
  +--> ?PR?_LCD_WR_DATA?LCD
BL51 BANKED LINKER/LOCATER V6.22.4.0                                                  11/30/2023  16:46:32  PAGE 5


  +--> ?PR?LCD_WRITERAM_PREPARE?LCD

?PR?LCD_WRITERAM_PREPARE?LCD            -----    -----
  +--> ?PR?_LCD_WR_REG?LCD

?PR?MAIN_TEST?TEST                      -----    -----
  +--> ?CO?TEST
  +--> ?PR?_DRAWTESTPAGE?TEST
  +--> ?PR?_GUI_STRCENTER?GUI
  +--> ?PR?_DELAY_MS?SYS

?PR?_DRAWTESTPAGE?TEST                  000DH    0003H
  +--> ?PR?_LCD_CLEAR?LCD
  +--> ?PR?_LCD_FILL?GUI
  +--> ?PR?_GUI_STRCENTER?GUI
  +--> ?CO?TEST

?PR?_LCD_FILL?GUI                       0029H    0012H
  +--> ?PR?_LCD_SETWINDOWS?LCD
  +--> ?PR?_LCD_WR_DATA_16BIT?LCD

?PR?_LCD_WR_DATA_16BIT?LCD              0042H    0002H
  +--> ?PR?_SPI_WRITEBYTE?SPI

?PR?_GUI_STRCENTER?GUI                  0010H    000DH
  +--> ?PR?_STRLEN?STRLEN
  +--> ?PR?_SHOW_STR?GUI

?PR?_SHOW_STR?GUI                       001DH    0010H
  +--> ?PR?_LCD_SHOWCHAR?GUI
  +--> ?PR?_GUI_DRAWFONT32?GUI
  +--> ?PR?_GUI_DRAWFONT24?GUI
  +--> ?PR?_GUI_DRAWFONT16?GUI

?PR?_LCD_SHOWCHAR?GUI                   002DH    0010H
  +--> ?PR?_LCD_SETWINDOWS?LCD
  +--> ?CO?GUI
  +--> ?PR?_LCD_WR_DATA_16BIT?LCD
  +--> ?PR?_LCD_DRAWPOINT?LCD

?PR?_LCD_DRAWPOINT?LCD                  -----    -----
  +--> ?PR?_LCD_SETWINDOWS?LCD
  +--> ?PR?_LCD_WR_DATA_16BIT?LCD

?PR?_GUI_DRAWFONT32?GUI                 002DH    0014H
  +--> ?CO?GUI
  +--> ?PR?_LCD_SETWINDOWS?LCD
  +--> ?PR?_LCD_WR_DATA_16BIT?LCD
  +--> ?PR?_LCD_DRAWPOINT?LCD

?PR?_GUI_DRAWFONT24?GUI                 002DH    0014H
  +--> ?CO?GUI
  +--> ?PR?_LCD_SETWINDOWS?LCD
  +--> ?PR?_LCD_WR_DATA_16BIT?LCD
  +--> ?PR?_LCD_DRAWPOINT?LCD

?PR?_GUI_DRAWFONT16?GUI                 002DH    0014H
BL51 BANKED LINKER/LOCATER V6.22.4.0                                                  11/30/2023  16:46:32  PAGE 6


  +--> ?CO?GUI
  +--> ?PR?_LCD_SETWINDOWS?LCD
  +--> ?PR?_LCD_WR_DATA_16BIT?LCD
  +--> ?PR?_LCD_DRAWPOINT?LCD

?PR?TEST_COLOR?TEST                     -----    -----
  +--> ?PR?_LCD_FILL?GUI
  +--> ?CO?TEST
  +--> ?PR?_SHOW_STR?GUI
  +--> ?PR?_DELAY_MS?SYS

?PR?TEST_FILLREC?TEST                   0000H    0001H
  +--> ?CO?TEST
  +--> ?PR?_DRAWTESTPAGE?TEST
  +--> ?PR?_LCD_FILL?GUI
  +--> ?PR?_LCD_DRAWRECTANGLE?GUI
  +--> ?PR?_DELAY_MS?SYS
  +--> ?PR?_LCD_DRAWFILLRECTANGLE?GUI

?PR?_LCD_DRAWRECTANGLE?GUI              0001H    0008H
  +--> ?PR?_LCD_DRAWLINE?GUI

?PR?_LCD_DRAWLINE?GUI                   001DH    001CH
  +--> ?PR?_LCD_DRAWPOINT?LCD

?PR?_LCD_DRAWFILLRECTANGLE?GUI          0001H    0008H
  +--> ?PR?_LCD_FILL?GUI

?PR?TEST_CIRCLE?TEST                    0000H    0001H
  +--> ?CO?TEST
  +--> ?PR?_DRAWTESTPAGE?TEST
  +--> ?PR?_LCD_FILL?GUI
  +--> ?PR?_GUI_CIRCLE?GUI
  +--> ?PR?_DELAY_MS?SYS

?PR?_GUI_CIRCLE?GUI                     0024H    0012H
  +--> ?PR?__DRAW_CIRCLE_8?GUI

?PR?__DRAW_CIRCLE_8?GUI                 0036H    000AH
  +--> ?PR?_GUI_DRAWPOINT?GUI

?PR?_GUI_DRAWPOINT?GUI                  0040H    0002H
  +--> ?PR?_LCD_SETCURSOR?LCD
  +--> ?PR?_LCD_WR_DATA_16BIT?LCD

?PR?_LCD_SETCURSOR?LCD                  -----    -----
  +--> ?PR?_LCD_SETWINDOWS?LCD

?PR?TEST_TRIANGLE?TEST                  0000H    0001H
  +--> ?CO?TEST
  +--> ?PR?_DRAWTESTPAGE?TEST
  +--> ?PR?_LCD_FILL?GUI
  +--> ?PR?_DRAW_TRIANGEL?GUI
  +--> ?PR?_DELAY_MS?SYS
  +--> ?PR?_FILL_TRIANGEL?GUI

?PR?_DRAW_TRIANGEL?GUI                  0001H    000CH
BL51 BANKED LINKER/LOCATER V6.22.4.0                                                  11/30/2023  16:46:32  PAGE 7


  +--> ?PR?_LCD_DRAWLINE?GUI

?PR?_FILL_TRIANGEL?GUI                  0001H    0028H
  +--> ?PR?__SWAP?GUI
  +--> ?PR?_LCD_FILL?GUI

?PR?__SWAP?GUI                          0029H    0006H

?PR?ENGLISH_FONT_TEST?TEST              -----    -----
  +--> ?CO?TEST
  +--> ?PR?_DRAWTESTPAGE?TEST
  +--> ?PR?_LCD_SHOWSTRING?GUI
  +--> ?PR?_DELAY_MS?SYS

?PR?_LCD_SHOWSTRING?GUI                 0004H    0009H
  +--> ?PR?_LCD_SHOWCHAR?GUI

?PR?CHINESE_FONT_TEST?TEST              -----    -----
  +--> ?CO?TEST
  +--> ?PR?_DRAWTESTPAGE?TEST
  +--> ?PR?_SHOW_STR?GUI
  +--> ?PR?_DELAY_MS?SYS

?PR?PIC_TEST?TEST                       -----    -----
  +--> ?CO?TEST
  +--> ?PR?_DRAWTESTPAGE?TEST
  +--> ?PR?_GUI_DRAWBMP16?GUI
  +--> ?PR?_SHOW_STR?GUI
  +--> ?PR?_DELAY_MS?SYS

?PR?_GUI_DRAWBMP16?GUI                  000DH    000BH
  +--> ?PR?_LCD_SETWINDOWS?LCD
  +--> ?PR?_LCD_WR_DATA_16BIT?LCD

?PR?TEST_DYNAMIC_NUM?TEST               0000H    0001H
  +--> ?CO?TEST
  +--> ?PR?_DRAWTESTPAGE?TEST
  +--> ?PR?RAND?RAND
  +--> ?PR?_LCD_SHOWSTRING?GUI
  +--> ?PR?_LCD_SHOWNUM?GUI
  +--> ?PR?_DELAY_MS?SYS

?PR?_LCD_SHOWNUM?GUI                    0001H    000DH
  +--> ?PR?_MYPOW?GUI
  +--> ?PR?_LCD_SHOWCHAR?GUI

?PR?_MYPOW?GUI                          000EH    0006H

?PR?ROTATE_TEST?TEST                    0000H    000DH
  +--> ?CO?TEST
  +--> ?PR?_LCD_DIRECTION?LCD
  +--> ?PR?_DRAWTESTPAGE?TEST
  +--> ?PR?_SHOW_STR?GUI
  +--> ?PR?_GUI_DRAWBMP16?GUI
  +--> ?PR?_DELAY_MS?SYS

?PR?TOUCH_TEST?TEST                     -----    -----
BL51 BANKED LINKER/LOCATER V6.22.4.0                                                  11/30/2023  16:46:32  PAGE 8


  +--> ?PR?TOUCH_BUTTON_TEST?TEST
  +--> ?PR?TOUCH_PEN_TEST?TEST

?PR?TOUCH_BUTTON_TEST?TEST              -----    -----
  +--> ?CO?TEST
  +--> ?PR?_DRAWTESTPAGE?TEST
  +--> ?PR?_LCD_DRAWRECTANGLE?GUI
  +--> ?PR?_LCD_DRAWFILLRECTANGLE?GUI
  +--> ?PR?_LCD_SHOWSTRING?GUI
  +--> ?PR?_LCD_FILLROUNDRECTANGLE?GUI
  +--> ?PR?_GUI_CIRCLE?GUI
  +--> ?PR?_LCD_SHOWNUM?GUI
  +--> ?PR?_LCD_DRAWROUNDRECTANGLE?GUI
  +--> ?PR?_SHOW_STR?GUI

?PR?_LCD_FILLROUNDRECTANGLE?GUI         0000H    000AH
  +--> ?PR?_LCD_FILL?GUI
  +--> ?PR?_FILL_CIRCLE_HELPER?GUI

?PR?_FILL_CIRCLE_HELPER?GUI             000AH    0013H
  +--> ?PR?_LCD_DRAWLINE?GUI

?PR?_LCD_DRAWROUNDRECTANGLE?GUI         0000H    000AH
  +--> ?PR?_LCD_DRAWLINE?GUI
  +--> ?PR?_DRAW_CIRCLE_HELPER?GUI

?PR?_DRAW_CIRCLE_HELPER?GUI             000AH    0011H
  +--> ?PR?_LCD_DRAWPOINT?LCD

?PR?TOUCH_PEN_TEST?TEST                 0000H    0004H
  +--> ?CO?TEST
  +--> ?PR?_DRAWTESTPAGE?TEST
  +--> ?PR?_LCD_SHOWSTRING?GUI
  +--> ?PR?_LCD_DRAWLINE2?GUI

?PR?_LCD_DRAWLINE2?GUI                  0004H    0020H
  +--> ?PR?_GUI_CIRCLE?GUI

?C_INITSEG                              -----    -----
  +--> ?PR?TP_INIT?TOUCH

?PR?TP_INIT?TOUCH                       -----    -----
  +--> ?PR?FT6336_INIT?FT6336
  +--> ?PR?FT6336_SCAN?FT6336

?PR?FT6336_INIT?FT6336                  0000H    0002H
  +--> ?PR?CTP_IIC_INIT?CTPIIC
  +--> ?PR?_DELAY_MS?SYS
  +--> ?PR?_FT6336_RD_REG?FT6336

?PR?_FT6336_RD_REG?FT6336               0007H    0007H
  +--> ?PR?CTP_IIC_START?CTPIIC
  +--> ?PR?_CTP_IIC_SEND_BYTE?CTPIIC
  +--> ?PR?CTP_IIC_WAIT_ACK?CTPIIC
  +--> ?PR?_CTP_IIC_READ_BYTE?CTPIIC
  +--> ?PR?CTP_IIC_STOP?CTPIIC

BL51 BANKED LINKER/LOCATER V6.22.4.0                                                  11/30/2023  16:46:32  PAGE 9


?PR?CTP_IIC_START?CTPIIC                -----    -----
  +--> ?PR?CTP_DELAY?CTPIIC

?PR?CTP_DELAY?CTPIIC                    -----    -----
  +--> ?PR?_DELAY_US?SYS

?PR?_CTP_IIC_SEND_BYTE?CTPIIC           000EH    0002H
  +--> ?PR?CTP_DELAY?CTPIIC

?PR?CTP_IIC_WAIT_ACK?CTPIIC             000EH    0001H
  +--> ?PR?_DELAY_US?SYS
  +--> ?PR?CTP_IIC_STOP?CTPIIC

?PR?CTP_IIC_STOP?CTPIIC                 -----    -----
  +--> ?PR?CTP_DELAY?CTPIIC

?PR?_CTP_IIC_READ_BYTE?CTPIIC           000EH    0003H
  +--> ?PR?_DELAY_US?SYS
  +--> ?PR?CTP_IIC_NACK?CTPIIC
  +--> ?PR?CTP_IIC_ACK?CTPIIC

?PR?CTP_IIC_NACK?CTPIIC                 -----    -----
  +--> ?PR?CTP_DELAY?CTPIIC

?PR?CTP_IIC_ACK?CTPIIC                  -----    -----
  +--> ?PR?CTP_DELAY?CTPIIC

?PR?FT6336_SCAN?FT6336                  0000H    0007H
  +--> ?PR?_FT6336_RD_REG?FT6336



SYMBOL TABLE OF MODULE:  ..\obj\ceshi (GUI)

  VALUE           TYPE          NAME
  ----------------------------------

  -------         MODULE        GUI
  C:0000H         SYMBOL        _ICE_DUMMY_
  C:680EH         PUBLIC        __draw_circle_8
  D:0080H         PUBLIC        P0
  D:0090H         PUBLIC        P1
  C:54E3H         PUBLIC        _LCD_DrawLine2
  D:00A0H         PUBLIC        P2
  D:00B0H         PUBLIC        P3
  C:3D44H         PUBLIC        _Fill_Circle_Helper
  D:00C0H         PUBLIC        P4
  D:00C8H         PUBLIC        P5
  C:6A5AH         PUBLIC        _LCD_ShowNum
  C:49C0H         PUBLIC        _Draw_Circle_Helper
  D:00A8H         PUBLIC        IE
  C:1685H         PUBLIC        tfont32
  C:147FH         PUBLIC        tfont24
  C:0003H         PUBLIC        asc2_1206
  C:0A67H         PUBLIC        tfont16
  D:00B8H         PUBLIC        IP
  C:0477H         PUBLIC        asc2_1608
BL51 BANKED LINKER/LOCATER V6.22.4.0                                                  11/30/2023  16:46:32  PAGE 10


  C:777CH         SYMBOL        __swap
  C:58EBH         PUBLIC        _gui_circle
  D:00D8H         PUBLIC        CCON
  C:34E5H         PUBLIC        _Fill_Triangel
  C:7376H         PUBLIC        _Gui_StrCenter
  C:7620H         PUBLIC        _Draw_Triangel
  D:0098H         PUBLIC        SCON
  D:0088H         PUBLIC        TCON
  C:6961H         PUBLIC        _LCD_Fill
  C:3FEFH         PUBLIC        _Show_Str
  C:78A4H         PUBLIC        _mypow
  C:6B6BH         PUBLIC        _Gui_Drawbmp16
  C:5AE6H         PUBLIC        _LCD_DrawLine
  C:6EA2H         PUBLIC        _LCD_ShowString
  C:5088H         PUBLIC        _GUI_DrawFont32
  C:4E45H         PUBLIC        _GUI_DrawFont24
  C:4C02H         PUBLIC        _GUI_DrawFont16
  C:52DCH         PUBLIC        _LCD_ShowChar
  C:718FH         PUBLIC        _LCD_DrawRectangle
  C:79C8H         PUBLIC        _GUI_DrawPoint
  C:669FH         PUBLIC        _LCD_FillRoundRectangle
  C:7A88H         PUBLIC        _LCD_DrawFillRectangle
  C:5CD1H         PUBLIC        _LCD_DrawRoundRectangle
  D:00D0H         PUBLIC        PSW
  C:79AEH         SYMBOL        L?0260
  C:79AFH         SYMBOL        L?0261
  C:79BFH         SYMBOL        L?0262
  -------         PROC          L?0259
  -------         ENDPROC       L?0259
  C:79AEH         SYMBOL        L?0260
  C:79AFH         SYMBOL        L?0261
  C:79BFH         SYMBOL        L?0262
  -------         PROC          _GUI_DRAWPOINT
  D:0006H         SYMBOL        x
  D:0004H         SYMBOL        y
  X:0040H         SYMBOL        color
  C:79C8H         LINE#         69
  C:79D0H         LINE#         70
  C:79D0H         LINE#         71
  C:79D3H         LINE#         72
  -------         ENDPROC       _GUI_DRAWPOINT
  -------         PROC          L?0263
  -------         ENDPROC       L?0263
  -------         PROC          _LCD_FILL
  X:0029H         SYMBOL        sx
  X:002BH         SYMBOL        sy
  D:0002H         SYMBOL        ex
  X:002FH         SYMBOL        ey
  X:0031H         SYMBOL        color
  -------         DO            
  X:0033H         SYMBOL        i
  X:0035H         SYMBOL        j
  X:0037H         SYMBOL        width
  X:0039H         SYMBOL        height
  -------         ENDDO         
  C:6961H         LINE#         86
  C:696FH         LINE#         87
BL51 BANKED LINKER/LOCATER V6.22.4.0                                                  11/30/2023  16:46:32  PAGE 11


  C:696FH         LINE#         89
  C:698AH         LINE#         90
  C:69ABH         LINE#         91
  C:69CDH         LINE#         92
  C:69E9H         LINE#         93
  C:69E9H         LINE#         94
  C:6A05H         LINE#         95
  C:6A20H         LINE#         96
  C:6A30H         LINE#         97
  -------         ENDPROC       _LCD_FILL
  C:5AE1H         SYMBOL        L?0269
  -------         PROC          L?0268
  -------         ENDPROC       L?0268
  C:5AE1H         SYMBOL        L?0269
  -------         PROC          _LCD_DRAWLINE
  X:001DH         SYMBOL        x1
  X:001FH         SYMBOL        y1
  D:0002H         SYMBOL        x2
  X:0023H         SYMBOL        y2
  -------         DO            
  X:0025H         SYMBOL        t
  X:0027H         SYMBOL        xerr
  X:0029H         SYMBOL        yerr
  X:002BH         SYMBOL        delta_x
  X:002DH         SYMBOL        delta_y
  X:002FH         SYMBOL        distance
  X:0031H         SYMBOL        incx
  X:0033H         SYMBOL        incy
  X:0035H         SYMBOL        uRow
  X:0037H         SYMBOL        uCol
  -------         ENDDO         
  C:5AE6H         LINE#         110
  C:5AF4H         LINE#         111
  C:5AF4H         LINE#         113
  C:5AFFH         LINE#         116
  C:5B14H         LINE#         117
  C:5B2FH         LINE#         118
  C:5B3EH         LINE#         119
  C:5B44H         LINE#         120
  C:5B60H         LINE#         121
  C:5B6CH         LINE#         122
  C:5B81H         LINE#         123
  C:5B9DH         LINE#         124
  C:5BA9H         LINE#         125
  C:5BBEH         LINE#         126
  C:5BE4H         LINE#         127
  C:5BE9H         LINE#         128
  C:5C0EH         LINE#         129
  C:5C0EH         LINE#         130
  C:5C1FH         LINE#         131
  C:5C33H         LINE#         132
  C:5C47H         LINE#         133
  C:5C63H         LINE#         134
  C:5C63H         LINE#         135
  C:5C6FH         LINE#         136
  C:5C83H         LINE#         137
  C:5C83H         LINE#         138
BL51 BANKED LINKER/LOCATER V6.22.4.0                                                  11/30/2023  16:46:32  PAGE 12


  C:5C9FH         LINE#         139
  C:5C9FH         LINE#         140
  C:5CABH         LINE#         141
  C:5CBFH         LINE#         142
  C:5CBFH         LINE#         143
  C:5CD0H         LINE#         144
  -------         ENDPROC       _LCD_DRAWLINE
  -------         PROC          _LCD_DRAWLINE2
  X:0004H         SYMBOL        x1
  X:0006H         SYMBOL        y1
  D:0002H         SYMBOL        x2
  X:000AH         SYMBOL        y2
  X:000CH         SYMBOL        size
  X:000EH         SYMBOL        color
  -------         DO            
  X:0010H         SYMBOL        t
  X:0012H         SYMBOL        xerr
  X:0014H         SYMBOL        yerr
  X:0016H         SYMBOL        delta_x
  X:0018H         SYMBOL        delta_y
  X:001AH         SYMBOL        distance
  X:001CH         SYMBOL        incx
  X:001EH         SYMBOL        incy
  X:0020H         SYMBOL        uRow
  X:0022H         SYMBOL        uCol
  -------         ENDDO         
  C:54E3H         LINE#         158
  C:54F1H         LINE#         159
  C:54F1H         LINE#         161
  C:54FCH         LINE#         164
  C:5511H         LINE#         165
  C:552CH         LINE#         166
  C:553BH         LINE#         167
  C:5541H         LINE#         168
  C:555DH         LINE#         169
  C:5569H         LINE#         170
  C:557EH         LINE#         171
  C:559AH         LINE#         172
  C:55A6H         LINE#         173
  C:55BBH         LINE#         174
  C:55E1H         LINE#         175
  C:55E6H         LINE#         176
  C:560BH         LINE#         177
  C:560BH         LINE#         178
  C:563BH         LINE#         180
  C:564FH         LINE#         181
  C:5663H         LINE#         182
  C:567FH         LINE#         183
  C:567FH         LINE#         184
  C:568BH         LINE#         185
  C:569FH         LINE#         186
  C:569FH         LINE#         187
  C:56BBH         LINE#         188
  C:56BBH         LINE#         189
  C:56C7H         LINE#         190
  C:56DBH         LINE#         191
  C:56DBH         LINE#         192
BL51 BANKED LINKER/LOCATER V6.22.4.0                                                  11/30/2023  16:46:32  PAGE 13


  C:56ECH         LINE#         193
  -------         ENDPROC       _LCD_DRAWLINE2
  -------         PROC          _LCD_DRAWRECTANGLE
  X:0001H         SYMBOL        x1
  X:0003H         SYMBOL        y1
  X:0005H         SYMBOL        x2
  X:0007H         SYMBOL        y2
  C:718FH         LINE#         205
  C:71A5H         LINE#         206
  C:71A5H         LINE#         207
  C:71C1H         LINE#         208
  C:71E8H         LINE#         209
  C:720BH         LINE#         210
  -------         ENDPROC       _LCD_DRAWRECTANGLE
  -------         PROC          _LCD_DRAWFILLRECTANGLE
  D:0006H         SYMBOL        x1
  D:0004H         SYMBOL        y1
  D:0002H         SYMBOL        x2
  X:0007H         SYMBOL        y2
  C:7A88H         LINE#         223
  C:7A88H         LINE#         224
  C:7A88H         LINE#         225
  -------         ENDPROC       _LCD_DRAWFILLRECTANGLE
  -------         PROC          L?0264
  -------         ENDPROC       L?0264
  -------         PROC          __DRAW_CIRCLE_8
  X:0036H         SYMBOL        xc
  X:0038H         SYMBOL        yc
  X:003AH         SYMBOL        x
  X:003CH         SYMBOL        y
  X:003EH         SYMBOL        c
  C:680EH         LINE#         240
  C:6826H         LINE#         241
  C:6826H         LINE#         242
  C:682EH         LINE#         244
  C:6849H         LINE#         246
  C:6874H         LINE#         248
  C:68A0H         LINE#         250
  C:68B6H         LINE#         252
  C:68CDH         LINE#         254
  C:68F8H         LINE#         256
  -------         ENDPROC       __DRAW_CIRCLE_8
  -------         PROC          _GUI_CIRCLE
  X:0024H         SYMBOL        xc
  X:0026H         SYMBOL        yc
  X:0028H         SYMBOL        c
  X:002AH         SYMBOL        r
  X:002CH         SYMBOL        fill
  -------         DO            
  X:002EH         SYMBOL        x
  X:0030H         SYMBOL        y
  X:0032H         SYMBOL        yi
  X:0034H         SYMBOL        d
  -------         ENDDO         
  C:58EBH         LINE#         269
  C:58FFH         LINE#         270
  C:58FFH         LINE#         271
BL51 BANKED LINKER/LOCATER V6.22.4.0                                                  11/30/2023  16:46:32  PAGE 14


  C:5916H         LINE#         273
  C:592AH         LINE#         276
  C:5937H         LINE#         277
  C:5937H         LINE#         279
  C:5956H         LINE#         280
  C:5979H         LINE#         281
  C:59A4H         LINE#         283
  C:59B4H         LINE#         284
  C:59D5H         LINE#         285
  C:59D7H         LINE#         286
  C:5A0CH         LINE#         287
  C:5A1AH         LINE#         288
  C:5A1AH         LINE#         289
  C:5A2BH         LINE#         290
  C:5A2EH         LINE#         291
  C:5A2EH         LINE#         292
  C:5A2EH         LINE#         294
  C:5A4DH         LINE#         295
  C:5A59H         LINE#         296
  C:5A69H         LINE#         297
  C:5A8AH         LINE#         298
  C:5A8CH         LINE#         299
  C:5AC1H         LINE#         300
  C:5ACFH         LINE#         301
  C:5ACFH         LINE#         302
  C:5ADDH         LINE#         303
  C:5AE0H         LINE#         304
  C:5AE0H         LINE#         305
  -------         ENDPROC       _GUI_CIRCLE
  -------         PROC          L?0270
  -------         ENDPROC       L?0270
  -------         PROC          _DRAW_CIRCLE_HELPER
  X:000AH         SYMBOL        x0
  X:000CH         SYMBOL        y0
  D:0002H         SYMBOL        c
  X:0010H         SYMBOL        cn
  -------         DO            
  X:0011H         SYMBOL        f
  X:0013H         SYMBOL        ddF_x
  X:0015H         SYMBOL        ddF_y
  X:0017H         SYMBOL        x
  X:0019H         SYMBOL        y
  -------         ENDDO         
  C:49C0H         LINE#         307
  C:49CEH         LINE#         308
  C:49CEH         LINE#         309
  C:49DCH         LINE#         310
  C:49E4H         LINE#         311
  C:49F5H         LINE#         312
  C:49FAH         LINE#         313
  C:4A02H         LINE#         314
  C:4A1AH         LINE#         315
  C:4A1AH         LINE#         316
  C:4A25H         LINE#         317
  C:4A25H         LINE#         318
  C:4A33H         LINE#         319
  C:4A41H         LINE#         320
BL51 BANKED LINKER/LOCATER V6.22.4.0                                                  11/30/2023  16:46:32  PAGE 15


  C:4A52H         LINE#         321
  C:4A52H         LINE#         322
  C:4A60H         LINE#         323
  C:4A6EH         LINE#         324
  C:4A7FH         LINE#         325
  C:4A86H         LINE#         326
  C:4A86H         LINE#         327
  C:4AB1H         LINE#         328
  C:4ADCH         LINE#         329
  C:4ADCH         LINE#         330
  C:4AE3H         LINE#         331
  C:4AE3H         LINE#         332
  C:4B0FH         LINE#         333
  C:4B3BH         LINE#         334
  C:4B3BH         LINE#         335
  C:4B42H         LINE#         336
  C:4B42H         LINE#         337
  C:4B6EH         LINE#         338
  C:4B9AH         LINE#         339
  C:4B9AH         LINE#         340
  C:4BA4H         LINE#         341
  C:4BA4H         LINE#         342
  C:4BD1H         LINE#         343
  C:4BFEH         LINE#         344
  C:4BFEH         LINE#         345
  C:4C01H         LINE#         346
  -------         ENDPROC       _DRAW_CIRCLE_HELPER
  -------         PROC          _FILL_CIRCLE_HELPER
  X:000AH         SYMBOL        x0
  X:000CH         SYMBOL        y0
  D:0002H         SYMBOL        c
  X:0010H         SYMBOL        cn
  X:0011H         SYMBOL        delta
  -------         DO            
  X:0013H         SYMBOL        f
  X:0015H         SYMBOL        ddF_x
  X:0017H         SYMBOL        ddF_y
  X:0019H         SYMBOL        x
  X:001BH         SYMBOL        y
  -------         ENDDO         
  C:3D44H         LINE#         348
  C:3D52H         LINE#         349
  C:3D52H         LINE#         350
  C:3D60H         LINE#         351
  C:3D68H         LINE#         352
  C:3D79H         LINE#         353
  C:3D7EH         LINE#         354
  C:3D86H         LINE#         356
  C:3D9EH         LINE#         357
  C:3D9EH         LINE#         358
  C:3DA9H         LINE#         359
  C:3DA9H         LINE#         360
  C:3DB7H         LINE#         361
  C:3DC5H         LINE#         362
  C:3DD6H         LINE#         363
  C:3DD6H         LINE#         364
  C:3DE4H         LINE#         365
BL51 BANKED LINKER/LOCATER V6.22.4.0                                                  11/30/2023  16:46:32  PAGE 16


  C:3DF2H         LINE#         366
  C:3E03H         LINE#         368
  C:3E0DH         LINE#         369
  C:3E0DH         LINE#         370
  C:3E81H         LINE#         371
  C:3EF5H         LINE#         372
  C:3EF5H         LINE#         373
  C:3EFFH         LINE#         374
  C:3EFFH         LINE#         375
  C:3F75H         LINE#         376
  C:3FEBH         LINE#         377
  C:3FEBH         LINE#         378
  C:3FEEH         LINE#         379
  -------         ENDPROC       _FILL_CIRCLE_HELPER
  -------         PROC          _LCD_DRAWROUNDRECTANGLE
  X:0000H         SYMBOL        x1
  X:0002H         SYMBOL        y1
  X:0004H         SYMBOL        x2
  X:0006H         SYMBOL        y2
  X:0008H         SYMBOL        c
  C:5CD1H         LINE#         381
  C:5CE5H         LINE#         382
  C:5CE5H         LINE#         383
  C:5D30H         LINE#         384
  C:5D65H         LINE#         385
  C:5DACH         LINE#         386
  C:5DE1H         LINE#         387
  C:5E16H         LINE#         388
  C:5E4CH         LINE#         389
  C:5E87H         LINE#         390
  -------         ENDPROC       _LCD_DRAWROUNDRECTANGLE
  -------         PROC          _LCD_FILLROUNDRECTANGLE
  X:0000H         SYMBOL        x1
  X:0002H         SYMBOL        y1
  X:0004H         SYMBOL        x2
  X:0006H         SYMBOL        y2
  X:0008H         SYMBOL        c
  C:669FH         LINE#         393
  C:66B3H         LINE#         394
  C:66B3H         LINE#         395
  C:670FH         LINE#         396
  C:6780H         LINE#         397
  -------         ENDPROC       _LCD_FILLROUNDRECTANGLE
  -------         PROC          _DRAW_TRIANGEL
  X:0001H         SYMBOL        x0
  X:0003H         SYMBOL        y0
  X:0005H         SYMBOL        x1
  X:0007H         SYMBOL        y1
  X:0009H         SYMBOL        x2
  X:000BH         SYMBOL        y2
  C:7620H         LINE#         412
  C:7634H         LINE#         413
  C:7634H         LINE#         414
  C:7648H         LINE#         415
  C:7669H         LINE#         416
  -------         ENDPROC       _DRAW_TRIANGEL
  -------         PROC          L?0267
BL51 BANKED LINKER/LOCATER V6.22.4.0                                                  11/30/2023  16:46:32  PAGE 17


  -------         ENDPROC       L?0267
  -------         PROC          __SWAP
  X:0029H         SYMBOL        a
  X:002CH         SYMBOL        b
  -------         DO            
  D:0006H         SYMBOL        tmp
  -------         ENDDO         
  C:777CH         LINE#         419
  C:7787H         LINE#         420
  C:7787H         LINE#         422
  C:778DH         LINE#         423
  C:77AEH         LINE#         424
  -------         ENDPROC       __SWAP
  -------         PROC          _FILL_TRIANGEL
  X:0001H         SYMBOL        x0
  X:0003H         SYMBOL        y0
  X:0005H         SYMBOL        x1
  X:0007H         SYMBOL        y1
  X:0009H         SYMBOL        x2
  X:000BH         SYMBOL        y2
  -------         DO            
  X:000DH         SYMBOL        a
  X:000FH         SYMBOL        b
  X:0011H         SYMBOL        y
  X:0013H         SYMBOL        last
  X:0015H         SYMBOL        dx01
  X:0017H         SYMBOL        dy01
  X:0019H         SYMBOL        dx02
  X:001BH         SYMBOL        dy02
  X:001DH         SYMBOL        dx12
  X:001FH         SYMBOL        dy12
  X:0021H         SYMBOL        sa
  X:0025H         SYMBOL        sb
  -------         ENDDO         
  C:34E5H         LINE#         439
  C:34F9H         LINE#         440
  C:34F9H         LINE#         443
  C:3503H         LINE#         444
  C:350DH         LINE#         445
  C:3522H         LINE#         446
  C:3522H         LINE#         447
  C:3525H         LINE#         448
  C:353CH         LINE#         449
  C:353CH         LINE#         450
  C:3551H         LINE#         451
  C:3551H         LINE#         452
  C:3568H         LINE#         453
  C:357FH         LINE#         454
  C:357FH         LINE#         455
  C:3594H         LINE#         456
  C:3594H         LINE#         457
  C:3597H         LINE#         458
  C:35AEH         LINE#         459
  C:35AEH         LINE#         460
  C:35C8H         LINE#         461
  C:35C8H         LINE#         462
  C:35E0H         LINE#         463
BL51 BANKED LINKER/LOCATER V6.22.4.0                                                  11/30/2023  16:46:32  PAGE 18


  C:35F6H         LINE#         464
  C:35F6H         LINE#         465
  C:35FEH         LINE#         466
  C:3600H         LINE#         467
  C:360FH         LINE#         468
  C:360FH         LINE#         469
  C:361EH         LINE#         470
  C:361EH         LINE#         471
  C:3634H         LINE#         472
  C:3634H         LINE#         473
  C:363CH         LINE#         474
  C:363EH         LINE#         475
  C:364DH         LINE#         476
  C:364DH         LINE#         477
  C:365CH         LINE#         478
  C:365CH         LINE#         479
  C:368DH         LINE#         481
  C:368DH         LINE#         482
  C:36A8H         LINE#         483
  C:36C3H         LINE#         484
  C:36D6H         LINE#         485
  C:36F1H         LINE#         486
  C:370CH         LINE#         487
  C:3728H         LINE#         489
  C:3730H         LINE#         490
  C:3730H         LINE#         491
  C:373AH         LINE#         492
  C:373CH         LINE#         494
  C:373CH         LINE#         495
  C:3750H         LINE#         496
  C:3750H         LINE#         497
  C:3777H         LINE#         498
  C:3777H         LINE#         499
  C:37AAH         LINE#         500
  C:37DDH         LINE#         501
  C:380BH         LINE#         502
  C:3839H         LINE#         503
  C:384EH         LINE#         504
  C:384EH         LINE#         505
  C:3865H         LINE#         506
  C:3865H         LINE#         507
  C:3868H         LINE#         508
  C:3879H         LINE#         509
  C:38A3H         LINE#         510
  C:38C6H         LINE#         511
  C:38DEH         LINE#         512
  C:38DEH         LINE#         513
  C:390FH         LINE#         514
  C:3942H         LINE#         515
  C:3970H         LINE#         516
  C:399EH         LINE#         517
  C:39B3H         LINE#         518
  C:39B3H         LINE#         519
  C:39CAH         LINE#         520
  C:39CAH         LINE#         521
  C:39CDH         LINE#         522
  C:39DEH         LINE#         523
BL51 BANKED LINKER/LOCATER V6.22.4.0                                                  11/30/2023  16:46:32  PAGE 19


  -------         ENDPROC       _FILL_TRIANGEL
  C:52D7H         SYMBOL        L?0266
  -------         PROC          L?0265
  -------         ENDPROC       L?0265
  C:52D7H         SYMBOL        L?0266
  -------         PROC          _LCD_SHOWCHAR
  X:002DH         SYMBOL        x
  X:002FH         SYMBOL        y
  X:0031H         SYMBOL        fc
  X:0033H         SYMBOL        bc
  X:0035H         SYMBOL        num
  X:0036H         SYMBOL        size
  X:0037H         SYMBOL        mode
  -------         DO            
  X:0038H         SYMBOL        temp
  X:0039H         SYMBOL        pos
  X:003AH         SYMBOL        t
  X:003BH         SYMBOL        colortemp
  -------         ENDDO         
  C:52DCH         LINE#         538
  C:52F4H         LINE#         539
  C:52F4H         LINE#         542
  C:5303H         LINE#         544
  C:530AH         LINE#         545
  C:5348H         LINE#         546
  C:5351H         LINE#         547
  C:5351H         LINE#         549
  C:5366H         LINE#         550
  C:5366H         LINE#         551
  C:5381H         LINE#         552
  C:53A8H         LINE#         553
  C:53BCH         LINE#         554
  C:53BCH         LINE#         555
  C:53C8H         LINE#         556
  C:53D3H         LINE#         557
  C:53DAH         LINE#         559
  C:53E2H         LINE#         561
  C:53EBH         LINE#         562
  C:53EBH         LINE#         563
  C:53EBH         LINE#         564
  C:5401H         LINE#         565
  C:5401H         LINE#         566
  C:541CH         LINE#         567
  C:5443H         LINE#         568
  C:5458H         LINE#         569
  C:5458H         LINE#         570
  C:5467H         LINE#         571
  C:5492H         LINE#         572
  C:5499H         LINE#         573
  C:54A1H         LINE#         574
  C:54AAH         LINE#         575
  C:54AAH         LINE#         576
  C:54B9H         LINE#         577
  -------         ENDPROC       _LCD_SHOWCHAR
  -------         PROC          _LCD_SHOWSTRING
  X:0004H         SYMBOL        x
  X:0006H         SYMBOL        y
BL51 BANKED LINKER/LOCATER V6.22.4.0                                                  11/30/2023  16:46:32  PAGE 20


  X:0008H         SYMBOL        size
  X:0009H         SYMBOL        p
  X:000CH         SYMBOL        mode
  C:6EA2H         LINE#         591
  C:6EB3H         LINE#         592
  C:6EB3H         LINE#         593
  C:6ED3H         LINE#         594
  C:6ED3H         LINE#         595
  C:6F0BH         LINE#         597
  C:6F3FH         LINE#         598
  C:6F53H         LINE#         599
  C:6F5DH         LINE#         600
  C:6F60H         LINE#         601
  -------         ENDPROC       _LCD_SHOWSTRING
  -------         PROC          _MYPOW
  X:000EH         SYMBOL        m
  X:000FH         SYMBOL        n
  -------         DO            
  X:0010H         SYMBOL        result
  -------         ENDDO         
  C:78A4H         LINE#         611
  C:78ACH         LINE#         612
  C:78ACH         LINE#         613
  C:78B4H         LINE#         614
  C:78DEH         LINE#         615
  C:78ECH         LINE#         616
  -------         ENDPROC       _MYPOW
  -------         PROC          _LCD_SHOWNUM
  X:0001H         SYMBOL        x
  X:0003H         SYMBOL        y
  X:0005H         SYMBOL        num
  X:0009H         SYMBOL        len
  X:000AH         SYMBOL        size
  -------         DO            
  X:000BH         SYMBOL        t
  X:000CH         SYMBOL        temp
  X:000DH         SYMBOL        enshow
  -------         ENDDO         
  C:6A5AH         LINE#         629
  C:6A68H         LINE#         630
  C:6A68H         LINE#         632
  C:6A6DH         LINE#         633
  C:6A82H         LINE#         634
  C:6A82H         LINE#         635
  C:6AB3H         LINE#         636
  C:6AC6H         LINE#         637
  C:6AC6H         LINE#         638
  C:6ACAH         LINE#         639
  C:6ACAH         LINE#         640
  C:6B06H         LINE#         641
  C:6B08H         LINE#         642
  C:6B0EH         LINE#         644
  C:6B0EH         LINE#         645
  C:6B61H         LINE#         646
  C:6B6AH         LINE#         647
  -------         ENDPROC       _LCD_SHOWNUM
  -------         PROC          _GUI_DRAWFONT16
BL51 BANKED LINKER/LOCATER V6.22.4.0                                                  11/30/2023  16:46:32  PAGE 21


  X:002DH         SYMBOL        x
  X:002FH         SYMBOL        y
  X:0031H         SYMBOL        fc
  X:0033H         SYMBOL        bc
  X:0035H         SYMBOL        s
  X:0038H         SYMBOL        mode
  -------         DO            
  X:0039H         SYMBOL        i
  X:003AH         SYMBOL        j
  X:003BH         SYMBOL        k
  X:003DH         SYMBOL        HZnum
  X:003FH         SYMBOL        x0
  -------         ENDDO         
  C:4C02H         LINE#         661
  C:4C18H         LINE#         662
  C:4C18H         LINE#         666
  C:4C20H         LINE#         667
  C:4C29H         LINE#         670
  C:4C49H         LINE#         671
  C:4C49H         LINE#         672
  C:4C99H         LINE#         673
  C:4CCFH         LINE#         674
  C:4CD4H         LINE#         675
  C:4CD4H         LINE#         676
  C:4CE6H         LINE#         677
  C:4CE6H         LINE#         678
  C:4CECH         LINE#         679
  C:4CECH         LINE#         680
  C:4D38H         LINE#         681
  C:4D43H         LINE#         682
  C:4D46H         LINE#         684
  C:4D46H         LINE#         685
  C:4D55H         LINE#         686
  C:4DB4H         LINE#         687
  C:4DC2H         LINE#         688
  C:4DDDH         LINE#         689
  C:4DDDH         LINE#         690
  C:4DE2H         LINE#         691
  C:4DF0H         LINE#         692
  C:4DF2H         LINE#         693
  C:4DF2H         LINE#         694
  C:4DF2H         LINE#         696
  C:4DFBH         LINE#         698
  C:4E0AH         LINE#         701
  C:4E0AH         LINE#         702
  C:4E0AH         LINE#         703
  C:4E1BH         LINE#         705
  -------         ENDPROC       _GUI_DRAWFONT16
  -------         PROC          _GUI_DRAWFONT24
  X:002DH         SYMBOL        x
  X:002FH         SYMBOL        y
  X:0031H         SYMBOL        fc
  X:0033H         SYMBOL        bc
  X:0035H         SYMBOL        s
  X:0038H         SYMBOL        mode
  -------         DO            
  X:0039H         SYMBOL        i
BL51 BANKED LINKER/LOCATER V6.22.4.0                                                  11/30/2023  16:46:32  PAGE 22


  X:003AH         SYMBOL        j
  X:003BH         SYMBOL        k
  X:003DH         SYMBOL        HZnum
  X:003FH         SYMBOL        x0
  -------         ENDDO         
  C:4E45H         LINE#         720
  C:4E5BH         LINE#         721
  C:4E5BH         LINE#         725
  C:4E63H         LINE#         726
  C:4E6CH         LINE#         728
  C:4E8CH         LINE#         729
  C:4E8CH         LINE#         730
  C:4EDCH         LINE#         731
  C:4F12H         LINE#         732
  C:4F17H         LINE#         733
  C:4F17H         LINE#         734
  C:4F29H         LINE#         735
  C:4F29H         LINE#         736
  C:4F2FH         LINE#         737
  C:4F2FH         LINE#         738
  C:4F7BH         LINE#         739
  C:4F86H         LINE#         740
  C:4F89H         LINE#         742
  C:4F89H         LINE#         743
  C:4F98H         LINE#         744
  C:4FF7H         LINE#         745
  C:5005H         LINE#         746
  C:5020H         LINE#         747
  C:5020H         LINE#         748
  C:5025H         LINE#         749
  C:5033H         LINE#         750
  C:5035H         LINE#         751
  C:5035H         LINE#         752
  C:5035H         LINE#         753
  C:503EH         LINE#         754
  C:504DH         LINE#         757
  C:504DH         LINE#         758
  C:504DH         LINE#         759
  C:505EH         LINE#         761
  -------         ENDPROC       _GUI_DRAWFONT24
  -------         PROC          _GUI_DRAWFONT32
  X:002DH         SYMBOL        x
  X:002FH         SYMBOL        y
  X:0031H         SYMBOL        fc
  X:0033H         SYMBOL        bc
  X:0035H         SYMBOL        s
  X:0038H         SYMBOL        mode
  -------         DO            
  X:0039H         SYMBOL        i
  X:003AH         SYMBOL        j
  X:003BH         SYMBOL        k
  X:003DH         SYMBOL        HZnum
  X:003FH         SYMBOL        x0
  -------         ENDDO         
  C:5088H         LINE#         776
  C:509EH         LINE#         777
  C:509EH         LINE#         781
BL51 BANKED LINKER/LOCATER V6.22.4.0                                                  11/30/2023  16:46:32  PAGE 23


  C:50A6H         LINE#         782
  C:50AFH         LINE#         783
  C:50CFH         LINE#         784
  C:50CFH         LINE#         785
  C:511FH         LINE#         786
  C:5155H         LINE#         787
  C:515AH         LINE#         788
  C:515AH         LINE#         789
  C:516CH         LINE#         790
  C:516CH         LINE#         791
  C:5172H         LINE#         792
  C:5172H         LINE#         793
  C:51BEH         LINE#         794
  C:51C9H         LINE#         795
  C:51CCH         LINE#         797
  C:51CCH         LINE#         798
  C:51DBH         LINE#         799
  C:523AH         LINE#         800
  C:5248H         LINE#         801
  C:5263H         LINE#         802
  C:5263H         LINE#         803
  C:5268H         LINE#         804
  C:5276H         LINE#         805
  C:5278H         LINE#         806
  C:5278H         LINE#         807
  C:5278H         LINE#         808
  C:5281H         LINE#         809
  C:5290H         LINE#         812
  C:5290H         LINE#         813
  C:5290H         LINE#         814
  C:52A1H         LINE#         816
  -------         ENDPROC       _GUI_DRAWFONT32
  -------         PROC          _SHOW_STR
  X:001DH         SYMBOL        x
  X:001FH         SYMBOL        y
  X:0021H         SYMBOL        fc
  X:0023H         SYMBOL        bc
  X:0025H         SYMBOL        str
  X:0028H         SYMBOL        size
  X:0029H         SYMBOL        mode
  -------         DO            
  X:002AH         SYMBOL        x0
  X:002CH         SYMBOL        bHz
  -------         ENDDO         
  C:3FEFH         LINE#         832
  C:4005H         LINE#         833
  C:4005H         LINE#         834
  C:400DH         LINE#         835
  C:4010H         LINE#         836
  C:4023H         LINE#         837
  C:4023H         LINE#         838
  C:402CH         LINE#         839
  C:402CH         LINE#         840
  C:4071H         LINE#         842
  C:4082H         LINE#         844
  C:4082H         LINE#         845
  C:4086H         LINE#         846
BL51 BANKED LINKER/LOCATER V6.22.4.0                                                  11/30/2023  16:46:32  PAGE 24


  C:4086H         LINE#         847
  C:4098H         LINE#         848
  C:40A7H         LINE#         849
  C:40B1H         LINE#         850
  C:40B4H         LINE#         852
  C:40B4H         LINE#         853
  C:40C5H         LINE#         854
  C:40C5H         LINE#         855
  C:40ECH         LINE#         856
  C:40F2H         LINE#         857
  C:40F4H         LINE#         859
  C:40F4H         LINE#         860
  C:4125H         LINE#         861
  C:4139H         LINE#         862
  C:4139H         LINE#         863
  C:4139H         LINE#         864
  C:4143H         LINE#         866
  C:4143H         LINE#         867
  C:4146H         LINE#         868
  C:4146H         LINE#         869
  C:4189H         LINE#         871
  C:418EH         LINE#         872
  C:4192H         LINE#         873
  C:41D4H         LINE#         874
  C:41DFH         LINE#         875
  C:4223H         LINE#         877
  C:4265H         LINE#         879
  C:426FH         LINE#         880
  C:4281H         LINE#         881
  C:4281H         LINE#         882
  C:4284H         LINE#         883
  -------         ENDPROC       _SHOW_STR
  -------         PROC          _GUI_STRCENTER
  X:0010H         SYMBOL        x
  X:0012H         SYMBOL        y
  X:0014H         SYMBOL        fc
  X:0016H         SYMBOL        bc
  X:0018H         SYMBOL        str
  X:001BH         SYMBOL        size
  X:001CH         SYMBOL        mode
  -------         DO            
  D:0006H         SYMBOL        len
  D:0006H         SYMBOL        x1
  -------         ENDDO         
  C:7376H         LINE#         898
  C:738AH         LINE#         899
  C:738AH         LINE#         900
  C:7398H         LINE#         901
  C:73B5H         LINE#         902
  -------         ENDPROC       _GUI_STRCENTER
  -------         PROC          _GUI_DRAWBMP16
  X:000DH         SYMBOL        x
  X:000FH         SYMBOL        y
  X:0011H         SYMBOL        p
  -------         DO            
  X:0014H         SYMBOL        i
  X:0016H         SYMBOL        picH
BL51 BANKED LINKER/LOCATER V6.22.4.0                                                  11/30/2023  16:46:32  PAGE 25


  X:0017H         SYMBOL        picL
  -------         ENDDO         
  C:6B6BH         LINE#         914
  C:6B86H         LINE#         915
  C:6B86H         LINE#         918
  C:6BB2H         LINE#         919
  C:6BB9H         LINE#         920
  C:6BB9H         LINE#         921
  C:6BDCH         LINE#         922
  C:6BECH         LINE#         923
  C:6BF5H         LINE#         924
  C:6C14H         LINE#         925
  -------         ENDPROC       _GUI_DRAWBMP16
  -------         ENDMOD        GUI

  -------         MODULE        MAIN
  C:0000H         SYMBOL        _ICE_DUMMY_
  D:0080H         PUBLIC        P0
  D:0090H         PUBLIC        P1
  D:00A0H         PUBLIC        P2
  D:00B0H         PUBLIC        P3
  D:00C0H         PUBLIC        P4
  D:00C8H         PUBLIC        P5
  D:00A8H         PUBLIC        IE
  D:00B8H         PUBLIC        IP
  D:00D8H         PUBLIC        CCON
  C:7A62H         PUBLIC        main
  D:0098H         PUBLIC        SCON
  D:0088H         PUBLIC        TCON
  D:00D0H         PUBLIC        PSW
  -------         PROC          MAIN
  C:7A62H         LINE#         62
  C:7A62H         LINE#         63
  C:7A62H         LINE#         65
  C:7A65H         LINE#         68
  C:7A65H         LINE#         69
  C:7A65H         LINE#         70
  C:7A68H         LINE#         72
  C:7A6BH         LINE#         73
  C:7A6EH         LINE#         74
  C:7A71H         LINE#         75
  C:7A74H         LINE#         76
  C:7A77H         LINE#         77
  C:7A7AH         LINE#         78
  C:7A7DH         LINE#         79
  C:7A80H         LINE#         80
  C:7A83H         LINE#         82
  C:7A86H         LINE#         83
  -------         ENDPROC       MAIN
  -------         ENDMOD        MAIN

  -------         MODULE        TEST
  C:0000H         SYMBOL        _ICE_DUMMY_
  D:0080H         PUBLIC        P0
  C:6237H         PUBLIC        Test_Read
  D:0090H         PUBLIC        P1
  D:00A0H         PUBLIC        P2
BL51 BANKED LINKER/LOCATER V6.22.4.0                                                  11/30/2023  16:46:32  PAGE 26


  D:00B0H         PUBLIC        P3
  D:00C0H         PUBLIC        P4
  C:56EDH         PUBLIC        Test_Color
  D:00C8H         PUBLIC        P5
  C:7B06H         PUBLIC        Touch_Test
  X:00A2H         PUBLIC        ColornTab
  C:63C6H         PUBLIC        Touch_Pen_Test
  D:00A8H         PUBLIC        IE
  C:1C28H         PUBLIC        gImage_qq
  D:00B8H         PUBLIC        IP
  X:00B2H         PUBLIC        ColorTab
  D:00D8H         PUBLIC        CCON
  C:5EC1H         PUBLIC        Test_FillRec
  X:00BCH         PUBLIC        POINT_COLOR_TBL
  C:6C3EH         PUBLIC        _DrawTestPage
  D:0098H         PUBLIC        SCON
  D:0088H         PUBLIC        TCON
  C:4285H         PUBLIC        Test_Triangle
  C:6DDAH         PUBLIC        Pic_test
  C:28A8H         SYMBOL        _?ix1000
  C:28B4H         SYMBOL        _?ix1001
  C:28BEH         SYMBOL        _?ix1002
  C:6F61H         PUBLIC        main_test
  C:6548H         PUBLIC        Test_Circle
  C:4501H         PUBLIC        Test_Dynamic_Num
  C:7020H         PUBLIC        Chinese_Font_test
  C:28E1H         PUBLIC        Touch_Button_Test
  C:6D0DH         PUBLIC        English_Font_test
  C:72D6H         PUBLIC        Rotate_Test
  D:00D0H         PUBLIC        PSW
  -------         PROC          _DRAWTESTPAGE
  X:000DH         SYMBOL        str
  C:6C3EH         LINE#         77
  C:6C49H         LINE#         78
  C:6C49H         LINE#         80
  C:6C50H         LINE#         81
  C:6C70H         LINE#         83
  C:6C9CH         LINE#         84
  C:6CA4H         LINE#         85
  C:6CD8H         LINE#         86
  -------         ENDPROC       _DRAWTESTPAGE
  -------         PROC          MAIN_TEST
  C:6F61H         LINE#         98
  C:6F61H         LINE#         99
  C:6F61H         LINE#         100
  C:6F6AH         LINE#         102
  C:6F95H         LINE#         103
  C:6FC0H         LINE#         104
  C:6FEBH         LINE#         105
  C:7016H         LINE#         106
  C:701BH         LINE#         107
  -------         ENDPROC       MAIN_TEST
  -------         PROC          TEST_COLOR
  C:56EDH         LINE#         117
  C:56EDH         LINE#         118
  C:56EDH         LINE#         120
  C:5710H         LINE#         121
BL51 BANKED LINKER/LOCATER V6.22.4.0                                                  11/30/2023  16:46:32  PAGE 27


  C:573FH         LINE#         122
  C:5760H         LINE#         123
  C:5792H         LINE#         124
  C:57B5H         LINE#         125
  C:57E7H         LINE#         126
  C:580CH         LINE#         127
  C:583EH         LINE#         128
  C:5862H         LINE#         129
  C:5894H         LINE#         130
  C:58B9H         LINE#         131
  -------         ENDPROC       TEST_COLOR
  -------         PROC          TEST_FILLREC
  -------         DO            
  X:0000H         SYMBOL        i
  -------         ENDDO         
  C:5EC1H         LINE#         144
  C:5EC1H         LINE#         145
  C:5EC1H         LINE#         146
  C:5EC6H         LINE#         147
  C:5ECFH         LINE#         148
  C:5EFBH         LINE#         149
  C:5F00H         LINE#         150
  C:5F00H         LINE#         151
  C:5F1CH         LINE#         152
  C:5FA4H         LINE#         153
  C:5FB3H         LINE#         154
  C:5FB8H         LINE#         155
  C:5FE4H         LINE#         156
  C:5FE9H         LINE#         157
  C:5FE9H         LINE#         158
  C:6005H         LINE#         159
  C:608DH         LINE#         160
  C:609CH         LINE#         161
  -------         ENDPROC       TEST_FILLREC
  -------         PROC          TEST_CIRCLE
  -------         DO            
  X:0000H         SYMBOL        i
  -------         ENDDO         
  C:6548H         LINE#         174
  C:6548H         LINE#         175
  C:6548H         LINE#         176
  C:654DH         LINE#         177
  C:6556H         LINE#         178
  C:6582H         LINE#         179
  C:6587H         LINE#         180
  C:65F5H         LINE#         181
  C:65FAH         LINE#         182
  C:6626H         LINE#         183
  C:662BH         LINE#         184
  C:669AH         LINE#         185
  -------         ENDPROC       TEST_CIRCLE
  -------         PROC          TEST_TRIANGLE
  -------         DO            
  X:0000H         SYMBOL        i
  -------         ENDDO         
  C:4285H         LINE#         198
  C:4285H         LINE#         199
BL51 BANKED LINKER/LOCATER V6.22.4.0                                                  11/30/2023  16:46:32  PAGE 28


  C:4285H         LINE#         200
  C:428AH         LINE#         201
  C:4293H         LINE#         202
  C:42BFH         LINE#         203
  C:42D1H         LINE#         204
  C:42D1H         LINE#         205
  C:42E9H         LINE#         206
  C:43BCH         LINE#         207
  C:43C5H         LINE#         208
  C:43CAH         LINE#         209
  C:43F6H         LINE#         210
  C:4408H         LINE#         211
  C:4408H         LINE#         212
  C:4420H         LINE#         213
  C:44F3H         LINE#         214
  C:44FCH         LINE#         215
  -------         ENDPROC       TEST_TRIANGLE
  -------         PROC          ENGLISH_FONT_TEST
  C:6D0DH         LINE#         225
  C:6D0DH         LINE#         226
  C:6D0DH         LINE#         227
  C:6D16H         LINE#         228
  C:6D1FH         LINE#         229
  C:6D27H         LINE#         230
  C:6D43H         LINE#         231
  C:6D62H         LINE#         232
  C:6D7EH         LINE#         233
  C:6D9AH         LINE#         234
  C:6DB9H         LINE#         235
  C:6DD5H         LINE#         236
  -------         ENDPROC       ENGLISH_FONT_TEST
  -------         PROC          CHINESE_FONT_TEST
  C:7020H         LINE#         246
  C:7020H         LINE#         247
  C:7020H         LINE#         248
  C:7029H         LINE#         249
  C:7052H         LINE#         250
  C:707BH         LINE#         251
  C:70A8H         LINE#         252
  C:70D5H         LINE#         253
  -------         ENDPROC       CHINESE_FONT_TEST
  -------         PROC          PIC_TEST
  C:6DDAH         LINE#         263
  C:6DDAH         LINE#         264
  C:6DDAH         LINE#         265
  C:6DE3H         LINE#         267
  C:6DF4H         LINE#         268
  C:6E21H         LINE#         269
  C:6E32H         LINE#         270
  C:6E5FH         LINE#         271
  C:6E70H         LINE#         272
  C:6E9DH         LINE#         273
  -------         ENDPROC       PIC_TEST
  -------         PROC          ROTATE_TEST
  -------         DO            
  X:0000H         SYMBOL        i
  X:0001H         SYMBOL        Direction
BL51 BANKED LINKER/LOCATER V6.22.4.0                                                  11/30/2023  16:46:32  PAGE 29


  -------         ENDDO         
  C:72D6H         LINE#         283
  C:72D6H         LINE#         284
  C:72D6H         LINE#         285
  C:72DBH         LINE#         286
  C:72EDH         LINE#         288
  C:72FCH         LINE#         289
  C:72FCH         LINE#         290
  C:72FFH         LINE#         291
  C:7308H         LINE#         292
  C:734EH         LINE#         293
  C:735FH         LINE#         294
  C:7369H         LINE#         295
  C:7371H         LINE#         296
  -------         ENDPROC       ROTATE_TEST
  -------         PROC          TOUCH_PEN_TEST
  -------         DO            
  X:0000H         SYMBOL        lastpos
  -------         ENDDO         
  C:63C6H         LINE#         300
  C:63C6H         LINE#         301
  C:63C6H         LINE#         304
  C:63CFH         LINE#         305
  C:63F8H         LINE#         306
  C:6401H         LINE#         307
  C:6401H         LINE#         308
  C:6401H         LINE#         310
  C:640DH         LINE#         313
  C:6417H         LINE#         314
  C:6417H         LINE#         315
  C:644FH         LINE#         316
  C:644FH         LINE#         317
  C:645BH         LINE#         318
  C:645BH         LINE#         319
  C:6463H         LINE#         320
  C:6469H         LINE#         321
  C:6469H         LINE#         322
  C:6492H         LINE#         323
  C:6492H         LINE#         328
  C:649AH         LINE#         329
  C:64A0H         LINE#         330
  C:64A8H         LINE#         331
  C:64D1H         LINE#         332
  C:64DAH         LINE#         333
  C:64DCH         LINE#         335
  C:64DCH         LINE#         336
  C:651CH         LINE#         337
  C:651CH         LINE#         338
  C:652BH         LINE#         339
  C:653AH         LINE#         340
  C:653AH         LINE#         341
  C:6545H         LINE#         351
  -------         ENDPROC       TOUCH_PEN_TEST
  -------         PROC          TOUCH_BUTTON_TEST
  C:28E1H         LINE#         354
  C:28E1H         LINE#         355
  C:28E1H         LINE#         356
BL51 BANKED LINKER/LOCATER V6.22.4.0                                                  11/30/2023  16:46:32  PAGE 30


  C:28EAH         LINE#         357
  C:28F1H         LINE#         358
  C:291AH         LINE#         359
  C:2923H         LINE#         360
  C:294DH         LINE#         361
  C:2956H         LINE#         362
  C:297BH         LINE#         363
  C:2983H         LINE#         364
  C:29AFH         LINE#         365
  C:29B9H         LINE#         366
  C:29E9H         LINE#         367
  C:29F3H         LINE#         368
  C:2A23H         LINE#         369
  C:2A47H         LINE#         370
  C:2A4EH         LINE#         371
  C:2A56H         LINE#         372
  C:2A82H         LINE#         373
  C:2AADH         LINE#         374
  C:2AB6H         LINE#         375
  C:2AEAH         LINE#         376
  C:2AF1H         LINE#         377
  C:2B21H         LINE#         378
  C:2B2BH         LINE#         379
  C:2B5BH         LINE#         380
  C:2B65H         LINE#         381
  C:2B91H         LINE#         382
  C:2BC7H         LINE#         383
  C:2BC7H         LINE#         384
  C:2BC7H         LINE#         385
  C:2BD3H         LINE#         386
  C:2BDAH         LINE#         387
  C:2BDAH         LINE#         388
  C:2BF8H         LINE#         389
  C:2BF8H         LINE#         390
  C:2C2DH         LINE#         391
  C:2C2DH         LINE#         392
  C:2C36H         LINE#         393
  C:2C60H         LINE#         394
  C:2C69H         LINE#         395
  C:2C8EH         LINE#         396
  C:2C96H         LINE#         397
  C:2CC2H         LINE#         398
  C:2CC2H         LINE#         399
  C:2CEFH         LINE#         400
  C:2CEFH         LINE#         401
  C:2CF8H         LINE#         402
  C:2D22H         LINE#         403
  C:2D2BH         LINE#         404
  C:2D50H         LINE#         405
  C:2D58H         LINE#         406
  C:2D83H         LINE#         407
  C:2D83H         LINE#         408
  C:2D83H         LINE#         409
  C:2DD4H         LINE#         410
  C:2DD4H         LINE#         411
  C:2DDEH         LINE#         412
  C:2E17H         LINE#         413
BL51 BANKED LINKER/LOCATER V6.22.4.0                                                  11/30/2023  16:46:32  PAGE 31


  C:2E21H         LINE#         414
  C:2E57H         LINE#         415
  C:2E78H         LINE#         416
  C:2E81H         LINE#         417
  C:2ECFH         LINE#         418
  C:2ECFH         LINE#         419
  C:2F20H         LINE#         420
  C:2F20H         LINE#         421
  C:2F28H         LINE#         422
  C:2F58H         LINE#         423
  C:2F62H         LINE#         424
  C:2F92H         LINE#         425
  C:2F9CH         LINE#         426
  C:2FC8H         LINE#         427
  C:2FD0H         LINE#         428
  C:2FD0H         LINE#         429
  C:2FD0H         LINE#         430
  C:2FD0H         LINE#         431
  C:2FD0H         LINE#         432
  -------         ENDPROC       TOUCH_BUTTON_TEST
  -------         PROC          TOUCH_TEST
  C:7B06H         LINE#         441
  C:7B06H         LINE#         442
  C:7B06H         LINE#         443
  C:7B15H         LINE#         444
  C:7B15H         LINE#         446
  C:7B15H         LINE#         448
  C:7B18H         LINE#         449
  C:7B1BH         LINE#         450
  -------         ENDPROC       TOUCH_TEST
  -------         PROC          TEST_READ
  -------         DO            
  D:0006H         SYMBOL        lcd_id
  X:004AH         SYMBOL        color
  X:004CH         SYMBOL        buf
  X:0056H         SYMBOL        i
  X:0057H         SYMBOL        cbuf
  -------         ENDDO         
  C:6237H         LINE#         459
  C:6237H         LINE#         460
  C:6237H         LINE#         462
  C:624AH         LINE#         463
  C:625DH         LINE#         464
  C:6266H         LINE#         465
  C:6269H         LINE#         466
  C:6286H         LINE#         467
  C:62B3H         LINE#         468
  C:62C5H         LINE#         469
  C:62C5H         LINE#         470
  C:62DDH         LINE#         471
  C:6303H         LINE#         472
  C:6321H         LINE#         473
  C:632DH         LINE#         474
  C:632DH         LINE#         475
  C:6339H         LINE#         476
  C:633BH         LINE#         478
  C:633BH         LINE#         479
BL51 BANKED LINKER/LOCATER V6.22.4.0                                                  11/30/2023  16:46:32  PAGE 32


  C:634AH         LINE#         480
  C:634AH         LINE#         481
  C:637CH         LINE#         482
  C:63B8H         LINE#         483
  C:63C1H         LINE#         484
  -------         ENDPROC       TEST_READ
  -------         PROC          TEST_DYNAMIC_NUM
  -------         DO            
  X:0000H         SYMBOL        i
  -------         ENDDO         
  C:4501H         LINE#         494
  C:4501H         LINE#         495
  C:4501H         LINE#         497
  C:450AH         LINE#         498
  C:4513H         LINE#         499
  C:451AH         LINE#         500
  C:4539H         LINE#         501
  C:4558H         LINE#         502
  C:4577H         LINE#         503
  C:4596H         LINE#         504
  C:45B5H         LINE#         505
  C:45D4H         LINE#         506
  C:45F3H         LINE#         507
  C:45FCH         LINE#         508
  C:4604H         LINE#         509
  C:4609H         LINE#         510
  C:4609H         LINE#         511
  C:4638H         LINE#         512
  C:4667H         LINE#         513
  C:4696H         LINE#         514
  C:46C5H         LINE#         515
  C:46F4H         LINE#         516
  C:4723H         LINE#         517
  C:4752H         LINE#         518
  C:4757H         LINE#         519
  C:4766H         LINE#         520
  -------         ENDPROC       TEST_DYNAMIC_NUM
  -------         ENDMOD        TEST

  -------         MODULE        SYS
  C:0000H         SYMBOL        _ICE_DUMMY_
  D:0080H         PUBLIC        P0
  D:0090H         PUBLIC        P1
  D:00A0H         PUBLIC        P2
  D:00B0H         PUBLIC        P3
  D:00C0H         PUBLIC        P4
  D:00C8H         PUBLIC        P5
  D:00A8H         PUBLIC        IE
  D:00B8H         PUBLIC        IP
  D:00D8H         PUBLIC        CCON
  D:0098H         PUBLIC        SCON
  D:0088H         PUBLIC        TCON
  C:7B9AH         PUBLIC        _delay_ms
  C:7BABH         PUBLIC        _delay_us
  D:00D0H         PUBLIC        PSW
  -------         PROC          _DELAY_MS
  D:0007H         SYMBOL        ms
BL51 BANKED LINKER/LOCATER V6.22.4.0                                                  11/30/2023  16:46:32  PAGE 33


  -------         DO            
  D:0004H         SYMBOL        i
  -------         ENDDO         
  C:7B9AH         LINE#         56
  C:7B9AH         LINE#         57
  C:7B9AH         LINE#         59
  C:7B9AH         LINE#         60
  C:7B9BH         LINE#         61
  C:7B9FH         LINE#         62
  C:7BA8H         LINE#         63
  C:7BAAH         LINE#         64
  -------         ENDPROC       _DELAY_MS
  -------         PROC          _DELAY_US
  D:0007H         SYMBOL        us
  -------         DO            
  D:0004H         SYMBOL        i
  -------         ENDDO         
  C:7BABH         LINE#         66
  C:7BABH         LINE#         67
  C:7BABH         LINE#         69
  C:7BABH         LINE#         70
  C:7BACH         LINE#         71
  C:7BB0H         LINE#         72
  C:7BB9H         LINE#         73
  C:7BBBH         LINE#         74
  -------         ENDPROC       _DELAY_US
  -------         ENDMOD        SYS

  -------         MODULE        LCD
  C:0000H         SYMBOL        _ICE_DUMMY_
  D:0080H         PUBLIC        P0
  D:00B2H         PUBLIC        P3M0
  D:0090H         PUBLIC        P1
  D:00B1H         PUBLIC        P3M1
  D:00A0H         PUBLIC        P2
  D:00B0H         PUBLIC        P3
  D:00C0H         PUBLIC        P4
  D:00C8H         PUBLIC        P5
  D:00A8H         PUBLIC        IE
  D:00B8H         PUBLIC        IP
  C:7C12H         PUBLIC        _LCD_WR_REG
  C:7234H         PUBLIC        _LCD_Clear
  C:70DAH         PUBLIC        LCD_Read_ID
  D:00D8H         PUBLIC        CCON
  D:0098H         PUBLIC        SCON
  D:0088H         PUBLIC        TCON
  C:7C42H         PUBLIC        BL_GPIOInit
  B:00B0H.3       PUBLIC        LCD_RESET
  C:7B1CH         PUBLIC        LCD_Reset
  C:7C51H         PUBLIC        _LCD_ReadPoint
  C:7AADH         PUBLIC        _LCD_WR_DATA_16Bit
  B:00B0H.2       PUBLIC        LCD_BL
  C:7C5CH         SYMBOL        _?ix1000
  C:7C1CH         PUBLIC        LCD_RD_DATA
  C:7C39H         PUBLIC        LCD_ReadRAM_Prepare
  C:60A1H         PUBLIC        LCD_Init
  B:0090H.3       PUBLIC        LCD_CS
BL51 BANKED LINKER/LOCATER V6.22.4.0                                                  11/30/2023  16:46:32  PAGE 34


  C:7C4BH         PUBLIC        _LCD_ReadReg
  C:7701H         PUBLIC        _LCD_SetWindows
  C:7A11H         PUBLIC        _LCD_DrawPoint
  C:7931H         PUBLIC        Lcd_ReadData_16Bit
  C:7C30H         PUBLIC        LCD_WriteRAM_Prepare
  C:7BFDH         PUBLIC        _LCD_WR_DATA
  B:0090H.2       PUBLIC        LCD_RS
  C:7BCDH         PUBLIC        _LCD_WriteReg
  C:7ACDH         PUBLIC        _LCD_SetCursor
  X:00BEH         PUBLIC        POINT_COLOR
  X:00C0H         PUBLIC        BACK_COLOR
  X:00C2H         PUBLIC        lcddev
  D:00D0H         PUBLIC        PSW
  C:7408H         PUBLIC        _LCD_direction
  -------         PROC          _LCD_WR_REG
  D:0007H         SYMBOL        Reg
  C:7C12H         LINE#         72
  C:7C12H         LINE#         73
  C:7C12H         LINE#         74
  C:7C14H         LINE#         75
  C:7C16H         LINE#         76
  C:7C19H         LINE#         77
  C:7C1BH         LINE#         78
  -------         ENDPROC       _LCD_WR_REG
  -------         PROC          L?0040
  -------         ENDPROC       L?0040
  -------         PROC          _LCD_WR_DATA
  D:0007H         SYMBOL        Data
  C:7BFDH         LINE#         87
  C:7BFDH         LINE#         88
  C:7BFDH         LINE#         89
  C:7BFFH         LINE#         90
  C:7C01H         LINE#         91
  C:7C04H         LINE#         92
  C:7C06H         LINE#         93
  -------         ENDPROC       _LCD_WR_DATA
  -------         PROC          LCD_RD_DATA
  -------         DO            
  D:0007H         SYMBOL        value
  -------         ENDDO         
  C:7C1CH         LINE#         95
  C:7C1CH         LINE#         96
  C:7C1CH         LINE#         98
  C:7C1EH         LINE#         99
  C:7C20H         LINE#         101
  C:7C23H         LINE#         103
  C:7C25H         LINE#         104
  C:7C25H         LINE#         105
  -------         ENDPROC       LCD_RD_DATA
  -------         PROC          _LCD_WR_DATA_16BIT
  X:0042H         SYMBOL        Data
  C:7AADH         LINE#         114
  C:7AB5H         LINE#         115
  C:7AB5H         LINE#         116
  C:7AB7H         LINE#         117
  C:7AB9H         LINE#         118
  C:7AC1H         LINE#         119
BL51 BANKED LINKER/LOCATER V6.22.4.0                                                  11/30/2023  16:46:32  PAGE 35


  C:7ACAH         LINE#         120
  C:7ACCH         LINE#         121
  -------         ENDPROC       _LCD_WR_DATA_16BIT
  -------         PROC          _LCD_WRITEREG
  D:0007H         SYMBOL        LCD_Reg
  X:000DH         SYMBOL        LCD_RegValue
  C:7BCDH         LINE#         131
  C:7BD2H         LINE#         132
  C:7BD2H         LINE#         133
  C:7BD5H         LINE#         134
  -------         ENDPROC       _LCD_WRITEREG
  -------         PROC          _LCD_READREG
  D:0007H         SYMBOL        LCD_Reg
  C:7C4BH         LINE#         137
  C:7C4BH         LINE#         138
  C:7C4BH         LINE#         139
  C:7C4EH         LINE#         140
  -------         ENDPROC       _LCD_READREG
  -------         PROC          LCD_WRITERAM_PREPARE
  C:7C30H         LINE#         150
  C:7C30H         LINE#         151
  C:7C30H         LINE#         152
  -------         ENDPROC       LCD_WRITERAM_PREPARE
  -------         PROC          LCD_READRAM_PREPARE
  C:7C39H         LINE#         155
  C:7C39H         LINE#         156
  C:7C39H         LINE#         157
  -------         ENDPROC       LCD_READRAM_PREPARE
  -------         PROC          LCD_READDATA_16BIT
  -------         DO            
  X:00F5H         SYMBOL        r
  D:0004H         SYMBOL        g
  -------         ENDDO         
[...]
  C:7BCCH         LINE#         83
  -------         ENDPROC       CTP_IIC_INIT
  -------         PROC          CTP_IIC_START
  C:7B31H         LINE#         92
  C:7B31H         LINE#         93
  C:7B31H         LINE#         94
  C:7B37H         LINE#         95
BL51 BANKED LINKER/LOCATER V6.22.4.0                                                  11/30/2023  16:46:32  PAGE 41


  C:7B39H         LINE#         96
  C:7B3BH         LINE#         97
  C:7B3EH         LINE#         98
  C:7B40H         LINE#         99
  C:7B43H         LINE#         100
  C:7B45H         LINE#         101
  -------         ENDPROC       CTP_IIC_START
  -------         PROC          CTP_IIC_STOP
  C:7B46H         LINE#         110
  C:7B46H         LINE#         111
  C:7B46H         LINE#         112
  C:7B4CH         LINE#         113
  C:7B4EH         LINE#         114
  C:7B50H         LINE#         115
  C:7B53H         LINE#         116
  C:7B55H         LINE#         117
  C:7B58H         LINE#         118
  C:7B5AH         LINE#         119
  -------         ENDPROC       CTP_IIC_STOP
  -------         PROC          CTP_IIC_WAIT_ACK
  -------         DO            
  X:000EH         SYMBOL        ucErrTime
  -------         ENDDO         
  C:79DEH         LINE#         129
  C:79DEH         LINE#         130
  C:79DEH         LINE#         131
  C:79E3H         LINE#         132
  C:79E9H         LINE#         133
  C:79F0H         LINE#         134
  C:79F7H         LINE#         135
  C:79FAH         LINE#         136
  C:79FAH         LINE#         137
  C:7A00H         LINE#         138
  C:7A06H         LINE#         139
  C:7A06H         LINE#         140
  C:7A09H         LINE#         141
  C:7A0CH         LINE#         142
  C:7A0CH         LINE#         143
  C:7A0CH         LINE#         144
  C:7A0EH         LINE#         145
  C:7A10H         LINE#         146
  -------         ENDPROC       CTP_IIC_WAIT_ACK
  -------         PROC          CTP_IIC_ACK
  C:7B5BH         LINE#         155
  C:7B5BH         LINE#         156
  C:7B5BH         LINE#         157
  C:7B5DH         LINE#         158
  C:7B63H         LINE#         159
  C:7B65H         LINE#         160
  C:7B68H         LINE#         161
  C:7B6AH         LINE#         162
  C:7B6DH         LINE#         163
  C:7B6FH         LINE#         164
  -------         ENDPROC       CTP_IIC_ACK
  -------         PROC          CTP_IIC_NACK
  C:7B70H         LINE#         173
  C:7B70H         LINE#         174
BL51 BANKED LINKER/LOCATER V6.22.4.0                                                  11/30/2023  16:46:32  PAGE 42


  C:7B70H         LINE#         175
  C:7B72H         LINE#         176
  C:7B78H         LINE#         177
  C:7B7AH         LINE#         178
  C:7B7DH         LINE#         179
  C:7B7FH         LINE#         180
  C:7B82H         LINE#         181
  C:7B84H         LINE#         182
  -------         ENDPROC       CTP_IIC_NACK
  -------         PROC          _CTP_IIC_SEND_BYTE
  X:000EH         SYMBOL        txd
  -------         DO            
  X:000FH         SYMBOL        t
  -------         ENDDO         
  C:796EH         LINE#         191
  C:7973H         LINE#         192
  C:7973H         LINE#         193
  C:7973H         LINE#         194
  C:7979H         LINE#         195
  C:797BH         LINE#         196
  C:797EH         LINE#         197
  C:797EH         LINE#         198
  C:7990H         LINE#         199
  C:7994H         LINE#         200
  C:7996H         LINE#         201
  C:7999H         LINE#         202
  C:799BH         LINE#         203
  C:799EH         LINE#         204
  C:79AAH         LINE#         205
  -------         ENDPROC       _CTP_IIC_SEND_BYTE
  -------         PROC          _CTP_IIC_READ_BYTE
  X:000EH         SYMBOL        ack
  -------         DO            
  X:000FH         SYMBOL        i
  X:0010H         SYMBOL        receive
  -------         ENDDO         
  C:7859H         LINE#         215
  C:785EH         LINE#         216
  C:785EH         LINE#         217
  C:7863H         LINE#         218
  C:7869H         LINE#         219
  C:786DH         LINE#         220
  C:786DH         LINE#         221
  C:786FH         LINE#         222
  C:7874H         LINE#         223
  C:7876H         LINE#         224
  C:787EH         LINE#         225
  C:7884H         LINE#         226
  C:7890H         LINE#         227
  C:789BH         LINE#         228
  C:789EH         LINE#         229
  C:78A3H         LINE#         230
  -------         ENDPROC       _CTP_IIC_READ_BYTE
  -------         ENDMOD        CTPIIC

  -------         MODULE        FT6336
  C:0000H         SYMBOL        _ICE_DUMMY_
BL51 BANKED LINKER/LOCATER V6.22.4.0                                                  11/30/2023  16:46:32  PAGE 43


  D:0080H         PUBLIC        P0
  D:00B2H         PUBLIC        P3M0
  D:0090H         PUBLIC        P1
  D:00B1H         PUBLIC        P3M1
  D:00A0H         PUBLIC        P2
  D:00B0H         PUBLIC        P3
  D:00C0H         PUBLIC        P4
  D:00C8H         PUBLIC        P5
  D:00A8H         PUBLIC        IE
  X:00E9H         PUBLIC        FT6336_TPX_TBL
  D:00B8H         PUBLIC        IP
  D:00D8H         PUBLIC        CCON
  D:0098H         PUBLIC        SCON
  D:0088H         PUBLIC        TCON
  C:4767H         PUBLIC        FT6336_Scan
  C:7524H         PUBLIC        FT6336_Init
  C:75ABH         PUBLIC        _FT6336_RD_Reg
  B:00B0H.7       PUBLIC        FT_RST
  C:7691H         PUBLIC        _FT6336_WR_Reg
  D:00D0H         PUBLIC        PSW
  -------         PROC          _FT6336_WR_REG
  X:00E0H         SYMBOL        reg
  X:00E2H         SYMBOL        buf
  X:00E5H         SYMBOL        len
  -------         DO            
  X:00E6H         SYMBOL        i
  X:00E7H         SYMBOL        ret
  -------         ENDDO         
  C:7691H         LINE#         70
  C:76A2H         LINE#         71
  C:76A2H         LINE#         73
  C:76A7H         LINE#         74
  C:76AAH         LINE#         75
  C:76AFH         LINE#         76
  C:76B2H         LINE#         77
  C:76BBH         LINE#         78
  C:76BEH         LINE#         79
  C:76CFH         LINE#         80
  C:76CFH         LINE#         81
  C:76E6H         LINE#         82
  C:76EEH         LINE#         83
  C:76F0H         LINE#         84
  C:76F0H         LINE#         85
  C:76F0H         LINE#         86
  C:76F0H         LINE#         87
  C:76F8H         LINE#         88
  C:76FBH         LINE#         89
  C:7700H         LINE#         90
  -------         ENDPROC       _FT6336_WR_REG
  -------         PROC          _FT6336_RD_REG
  X:0007H         SYMBOL        reg
  X:0009H         SYMBOL        buf
  X:000CH         SYMBOL        len
  -------         DO            
  X:000DH         SYMBOL        i
  -------         ENDDO         
  C:75ABH         LINE#         101
BL51 BANKED LINKER/LOCATER V6.22.4.0                                                  11/30/2023  16:46:32  PAGE 44


  C:75BCH         LINE#         102
  C:75BCH         LINE#         104
  C:75BFH         LINE#         105
  C:75C4H         LINE#         106
  C:75C7H         LINE#         107
  C:75D0H         LINE#         108
  C:75D3H         LINE#         109
  C:75D6H         LINE#         110
  C:75DBH         LINE#         111
  C:75DEH         LINE#         112
  C:75EFH         LINE#         113
  C:75EFH         LINE#         114
  C:7615H         LINE#         115
  C:761DH         LINE#         116
  -------         ENDPROC       _FT6336_RD_REG
  -------         PROC          FT6336_INIT
  -------         DO            
  X:0000H         SYMBOL        temp
  -------         ENDDO         
  C:7524H         LINE#         127
  C:7524H         LINE#         128
  C:7524H         LINE#         130
  C:7527H         LINE#         131
  C:752AH         LINE#         132
  C:752DH         LINE#         133
  C:752FH         LINE#         134
  C:7534H         LINE#         135
  C:7536H         LINE#         136
  C:753BH         LINE#         142
  C:754EH         LINE#         143
  C:7556H         LINE#         144
  C:7556H         LINE#         145
  C:7559H         LINE#         146
  C:7559H         LINE#         147
  C:756CH         LINE#         148
  C:7574H         LINE#         149
  C:7574H         LINE#         150
  C:7577H         LINE#         151
  C:7577H         LINE#         152
  C:7587H         LINE#         153
  C:7587H         LINE#         154
  C:758AH         LINE#         155
  C:758AH         LINE#         156
  C:759DH         LINE#         157
  C:75A5H         LINE#         158
  C:75A5H         LINE#         159
  C:75A8H         LINE#         160
  C:75A8H         LINE#         170
  C:75AAH         LINE#         171
  -------         ENDPROC       FT6336_INIT
  -------         PROC          FT6336_SCAN
  -------         DO            
  X:0000H         SYMBOL        buf
  X:0004H         SYMBOL        i
  X:0005H         SYMBOL        res
  D:0007H         SYMBOL        temp
  X:0006H         SYMBOL        mode
BL51 BANKED LINKER/LOCATER V6.22.4.0                                                  11/30/2023  16:46:32  PAGE 45


  X:00E8H         SYMBOL        t
  -------         ENDDO         
  C:4767H         LINE#         184
  C:4767H         LINE#         185
  C:4767H         LINE#         187
  C:476CH         LINE#         188
  C:476EH         LINE#         192
  C:4774H         LINE#         193
  C:4787H         LINE#         194
  C:4787H         LINE#         195
  C:479AH         LINE#         196
  C:47ACH         LINE#         197
  C:47ACH         LINE#         198
  C:47B7H         LINE#         199
  C:47BEH         LINE#         200
  C:47D0H         LINE#         201
  C:47D0H         LINE#         202
  C:47F0H         LINE#         203
  C:4812H         LINE#         204
  C:4812H         LINE#         205
  C:482CH         LINE#         206
  C:482CH         LINE#         207
  C:482CH         LINE#         208
  C:484EH         LINE#         209
  C:485CH         LINE#         210
  C:485FH         LINE#         211
  C:485FH         LINE#         212
  C:4892H         LINE#         213
  C:48A2H         LINE#         214
  C:48A5H         LINE#         215
  C:48A5H         LINE#         216
  C:48D8H         LINE#         217
  C:4900H         LINE#         218
  C:4902H         LINE#         219
  C:4902H         LINE#         220
  C:4928H         LINE#         221
  C:4957H         LINE#         222
  C:4957H         LINE#         223
  C:4957H         LINE#         226
  C:4957H         LINE#         227
  C:4960H         LINE#         228
  C:4966H         LINE#         229
  C:497EH         LINE#         230
  C:4983H         LINE#         231
  C:4983H         LINE#         232
  C:4983H         LINE#         233
  C:4989H         LINE#         234
  C:4989H         LINE#         235
  C:4990H         LINE#         236
  C:4990H         LINE#         237
  C:4993H         LINE#         238
  C:4995H         LINE#         239
  C:4995H         LINE#         240
  C:499DH         LINE#         241
  C:49A3H         LINE#         242
  C:49AAH         LINE#         243
  C:49AAH         LINE#         244
BL51 BANKED LINKER/LOCATER V6.22.4.0                                                  11/30/2023  16:46:32  PAGE 46


  C:49AAH         LINE#         245
  C:49B6H         LINE#         246
  C:49BBH         LINE#         247
  -------         ENDPROC       FT6336_SCAN
  -------         ENDMOD        FT6336

  -------         MODULE        TOUCH
  C:0000H         SYMBOL        _ICE_DUMMY_
  D:0080H         PUBLIC        P0
  D:0090H         PUBLIC        P1
  D:00A0H         PUBLIC        P2
  D:00B0H         PUBLIC        P3
  D:00C0H         PUBLIC        P4
  D:00C8H         PUBLIC        P5
  X:00D1H         PUBLIC        tp_dev
  D:00A8H         PUBLIC        IE
  D:00B8H         PUBLIC        IP
  C:7AECH         PUBLIC        TP_Init
  D:00D8H         PUBLIC        CCON
  D:0098H         PUBLIC        SCON
  D:0088H         PUBLIC        TCON
  D:00D0H         PUBLIC        PSW
  -------         PROC          TP_INIT
  C:7AECH         LINE#         77
  C:7AECH         LINE#         78
  C:7AECH         LINE#         79
  C:7AF2H         LINE#         80
  C:7AF2H         LINE#         81
  C:7AF5H         LINE#         82
  C:7AF5H         LINE#         83
  C:7B03H         LINE#         84
  C:7B05H         LINE#         85
  -------         ENDPROC       TP_INIT
  -------         ENDMOD        TOUCH

  -------         MODULE        SPI
  C:0000H         SYMBOL        _ICE_DUMMY_
  D:0080H         PUBLIC        P0
  D:0090H         PUBLIC        P1
  D:00A0H         PUBLIC        P2
  D:00B0H         PUBLIC        P3
  C:7C26H         PUBLIC        SPI_init
  D:00C0H         PUBLIC        P4
  D:00C8H         PUBLIC        P5
  D:00CEH         PUBLIC        SPCTL
  D:00A8H         PUBLIC        IE
  D:00B8H         PUBLIC        IP
  D:00D8H         PUBLIC        CCON
  D:0098H         PUBLIC        SCON
  D:0088H         PUBLIC        TCON
  D:00CDH         PUBLIC        SPSTAT
  C:7BECH         PUBLIC        SPI_ReadByte
  C:7BDDH         PUBLIC        _SPI_SetSpeed
  C:7C07H         PUBLIC        _SPI_WriteByte
  D:00D0H         PUBLIC        PSW
  D:00CFH         PUBLIC        SPDAT
  -------         PROC          SPI_INIT
BL51 BANKED LINKER/LOCATER V6.22.4.0                                                  11/30/2023  16:46:32  PAGE 47


  C:7C26H         LINE#         55
  C:7C26H         LINE#         56
  C:7C26H         LINE#         57
  C:7C29H         LINE#         58
  C:7C2CH         LINE#         59
  C:7C2FH         LINE#         60
  -------         ENDPROC       SPI_INIT
  -------         PROC          _SPI_SETSPEED
  D:0007H         SYMBOL        flag
  C:7BDDH         LINE#         62
  C:7BDDH         LINE#         63
  C:7BDDH         LINE#         64
  C:7BE0H         LINE#         65
  C:7BE3H         LINE#         66
  C:7BE3H         LINE#         67
  C:7BE3H         LINE#         68
  C:7BE5H         LINE#         70
  C:7BE5H         LINE#         71
  C:7BE8H         LINE#         72
  C:7BE8H         LINE#         73
  C:7BEBH         LINE#         74
  -------         ENDPROC       _SPI_SETSPEED
  -------         PROC          _SPI_WRITEBYTE
  D:0007H         SYMBOL        byte
  C:7C07H         LINE#         83
  C:7C07H         LINE#         84
  C:7C07H         LINE#         85
  C:7C09H         LINE#         86
  C:7C0EH         LINE#         87
  C:7C11H         LINE#         88
  -------         ENDPROC       _SPI_WRITEBYTE
  -------         PROC          SPI_READBYTE
  -------         DO            
  D:0007H         SYMBOL        tmp
  -------         ENDDO         
  C:7BECH         LINE#         90
  C:7BECH         LINE#         91
  C:7BECH         LINE#         93
  C:7BEFH         LINE#         94
  C:7BF4H         LINE#         95
  C:7BF6H         LINE#         96
  C:7BF9H         LINE#         97
  C:7BF9H         LINE#         98
  -------         ENDPROC       SPI_READBYTE
  -------         ENDMOD        SPI

  -------         MODULE        ?C?COPY
  C:30A1H         PUBLIC        ?C?COPY
  -------         ENDMOD        ?C?COPY

  -------         MODULE        ?C?CLDPTR
  C:30C7H         PUBLIC        ?C?CLDPTR
  -------         ENDMOD        ?C?CLDPTR

  -------         MODULE        ?C?CLDOPTR
  C:30E0H         PUBLIC        ?C?CLDOPTR
  -------         ENDMOD        ?C?CLDOPTR
BL51 BANKED LINKER/LOCATER V6.22.4.0                                                  11/30/2023  16:46:32  PAGE 48



  -------         MODULE        ?C?CSTOPTR
  C:310DH         PUBLIC        ?C?CSTOPTR
  -------         ENDMOD        ?C?CSTOPTR

  -------         MODULE        ?C?IMUL
  C:312FH         PUBLIC        ?C?IMUL
  -------         ENDMOD        ?C?IMUL

  -------         MODULE        ?C?SIDIV
  C:3141H         PUBLIC        ?C?SIDIV
  -------         ENDMOD        ?C?SIDIV

  -------         MODULE        ?C?IILDX
  C:3177H         PUBLIC        ?C?IILDX
  -------         ENDMOD        ?C?IILDX

  -------         MODULE        ?C?ILDPTR
  C:318DH         PUBLIC        ?C?ILDPTR
  -------         ENDMOD        ?C?ILDPTR

  -------         MODULE        ?C?ISTPTR
  C:31B8H         PUBLIC        ?C?ISTPTR
  -------         ENDMOD        ?C?ISTPTR

  -------         MODULE        ?C?LMUL
  C:31D7H         PUBLIC        ?C?LMUL
  -------         ENDMOD        ?C?LMUL

  -------         MODULE        ?C?ULDIV
  C:3262H         PUBLIC        ?C?ULDIV
  -------         ENDMOD        ?C?ULDIV

  -------         MODULE        ?C?SLDIV
  C:78EDH         PUBLIC        ?C?SLDIV
  -------         ENDMOD        ?C?SLDIV

  -------         MODULE        ?C?LSTXDATA
  C:32F4H         PUBLIC        ?C?LSTXDATA
  -------         ENDMOD        ?C?LSTXDATA

  -------         MODULE        ?C?LSTKXDATA
  C:3300H         PUBLIC        ?C?LSTKXDATA
  -------         ENDMOD        ?C?LSTKXDATA

  -------         MODULE        ?C?OFFXADD
  C:3331H         PUBLIC        ?C?OFFXADD
  -------         ENDMOD        ?C?OFFXADD

  -------         MODULE        ?C?ICALL
  C:333DH         PUBLIC        ?C?ICALL
  C:3341H         PUBLIC        ?C?ICALL2
  -------         ENDMOD        ?C?ICALL

  -------         MODULE        PRINTF
  X:007AH         PUBLIC        ?_PRINTF517?BYTE
  X:007AH         PUBLIC        ?_PRINTF?BYTE
BL51 BANKED LINKER/LOCATER V6.22.4.0                                                  11/30/2023  16:46:32  PAGE 49


  X:007AH         PUBLIC        ?_SPRINTF517?BYTE
  X:007AH         PUBLIC        ?_SPRINTF?BYTE
  C:3A4AH         PUBLIC        _PRINTF
  C:3A4AH         PUBLIC        _PRINTF517
  C:3A44H         PUBLIC        _SPRINTF
  C:3A44H         PUBLIC        _SPRINTF517
  -------         ENDMOD        PRINTF

  -------         MODULE        RAND
  X:00F1H         PUBLIC        ?SRAND?BYTE
  C:780CH         PUBLIC        RAND
  C:784AH         PUBLIC        _SRAND
  -------         ENDMOD        RAND

  -------         MODULE        ?C?STRCPY
  C:340FH         PUBLIC        ?C?STRCPY
  -------         ENDMOD        ?C?STRCPY

  -------         MODULE        STRLEN
  C:7B85H         PUBLIC        _STRLEN
  -------         ENDMOD        STRLEN

  -------         MODULE        ?C?CSTPTR
  C:342CH         PUBLIC        ?C?CSTPTR
  -------         ENDMOD        ?C?CSTPTR

  -------         MODULE        ?C?UIDIV
  C:343EH         PUBLIC        ?C?UIDIV
  -------         ENDMOD        ?C?UIDIV

  -------         MODULE        ?C?LLDXDATA
  C:3493H         PUBLIC        ?C?LLDXDATA
  -------         ENDMOD        ?C?LLDXDATA

  -------         MODULE        ?C?PLDIXDATA
  C:349FH         PUBLIC        ?C?PLDIXDATA
  -------         ENDMOD        ?C?PLDIXDATA

  -------         MODULE        ?C?PSTXDATA
  C:34B6H         PUBLIC        ?C?PSTXDATA
  -------         ENDMOD        ?C?PSTXDATA

  -------         MODULE        ?C?CCASE
  C:34BFH         PUBLIC        ?C?CCASE
  -------         ENDMOD        ?C?CCASE

  -------         MODULE        PUTCHAR
  C:7A3BH         PUBLIC        _PUTCHAR
  -------         ENDMOD        PUTCHAR

Program Size: data=15.1 xdata=247 code=31839
LINK/LOCATE RUN COMPLETE.  0 WARNING(S),  0 ERROR(S)
